Archive member included to satisfy reference by file (symbol)

C:/Program Files/Arm/GNU Toolchain mingw-w64-x86_64-arm-none-eabi/bin/../lib/gcc/arm-none-eabi/15.2.1/thumb/v8-m.main+fp/hard\libgcc.a(_aeabi_uldivmod.o)
                              cmake/stm32cubemx/CMakeFiles/STM32_Drivers.dir/__/__/Drivers/STM32H5xx_HAL_Driver/Src/stm32h5xx_hal_uart.c.obj (__aeabi_uldivmod)
C:/Program Files/Arm/GNU Toolchain mingw-w64-x86_64-arm-none-eabi/bin/../lib/gcc/arm-none-eabi/15.2.1/thumb/v8-m.main+fp/hard\libgcc.a(_udivmoddi4.o)
                              C:/Program Files/Arm/GNU Toolchain mingw-w64-x86_64-arm-none-eabi/bin/../lib/gcc/arm-none-eabi/15.2.1/thumb/v8-m.main+fp/hard\libgcc.a(_aeabi_uldivmod.o) (__udivmoddi4)
C:/Program Files/Arm/GNU Toolchain mingw-w64-x86_64-arm-none-eabi/bin/../lib/gcc/arm-none-eabi/15.2.1/thumb/v8-m.main+fp/hard\libgcc.a(_dvmd_tls.o)
                              C:/Program Files/Arm/GNU Toolchain mingw-w64-x86_64-arm-none-eabi/bin/../lib/gcc/arm-none-eabi/15.2.1/thumb/v8-m.main+fp/hard\libgcc.a(_aeabi_uldivmod.o) (__aeabi_ldiv0)
C:/Program Files/Arm/GNU Toolchain mingw-w64-x86_64-arm-none-eabi/bin/../lib/gcc/arm-none-eabi/15.2.1/../../../../arm-none-eabi/lib/thumb/v8-m.main+fp/hard\libg_nano.a(libc_a-exit.o)
                              C:/Program Files/Arm/GNU Toolchain mingw-w64-x86_64-arm-none-eabi/bin/../lib/gcc/arm-none-eabi/15.2.1/../../../../arm-none-eabi/lib/thumb/v8-m.main+fp/hard/crt0.o (exit)
C:/Program Files/Arm/GNU Toolchain mingw-w64-x86_64-arm-none-eabi/bin/../lib/gcc/arm-none-eabi/15.2.1/../../../../arm-none-eabi/lib/thumb/v8-m.main+fp/hard\libg_nano.a(libc_a-findfp.o)
                              C:/Program Files/Arm/GNU Toolchain mingw-w64-x86_64-arm-none-eabi/bin/../lib/gcc/arm-none-eabi/15.2.1/../../../../arm-none-eabi/lib/thumb/v8-m.main+fp/hard\libg_nano.a(libc_a-exit.o) (__stdio_exit_handler)
C:/Program Files/Arm/GNU Toolchain mingw-w64-x86_64-arm-none-eabi/bin/../lib/gcc/arm-none-eabi/15.2.1/../../../../arm-none-eabi/lib/thumb/v8-m.main+fp/hard\libg_nano.a(libc_a-fwalk.o)
                              C:/Program Files/Arm/GNU Toolchain mingw-w64-x86_64-arm-none-eabi/bin/../lib/gcc/arm-none-eabi/15.2.1/../../../../arm-none-eabi/lib/thumb/v8-m.main+fp/hard\libg_nano.a(libc_a-findfp.o) (_fwalk_sglue)
C:/Program Files/Arm/GNU Toolchain mingw-w64-x86_64-arm-none-eabi/bin/../lib/gcc/arm-none-eabi/15.2.1/../../../../arm-none-eabi/lib/thumb/v8-m.main+fp/hard\libg_nano.a(libc_a-stdio.o)
                              C:/Program Files/Arm/GNU Toolchain mingw-w64-x86_64-arm-none-eabi/bin/../lib/gcc/arm-none-eabi/15.2.1/../../../../arm-none-eabi/lib/thumb/v8-m.main+fp/hard\libg_nano.a(libc_a-findfp.o) (__sread)
C:/Program Files/Arm/GNU Toolchain mingw-w64-x86_64-arm-none-eabi/bin/../lib/gcc/arm-none-eabi/15.2.1/../../../../arm-none-eabi/lib/thumb/v8-m.main+fp/hard\libg_nano.a(libc_a-memset.o)
                              C:/Program Files/Arm/GNU Toolchain mingw-w64-x86_64-arm-none-eabi/bin/../lib/gcc/arm-none-eabi/15.2.1/../../../../arm-none-eabi/lib/thumb/v8-m.main+fp/hard/crt0.o (memset)
C:/Program Files/Arm/GNU Toolchain mingw-w64-x86_64-arm-none-eabi/bin/../lib/gcc/arm-none-eabi/15.2.1/../../../../arm-none-eabi/lib/thumb/v8-m.main+fp/hard\libg_nano.a(libc_a-closer.o)
                              C:/Program Files/Arm/GNU Toolchain mingw-w64-x86_64-arm-none-eabi/bin/../lib/gcc/arm-none-eabi/15.2.1/../../../../arm-none-eabi/lib/thumb/v8-m.main+fp/hard\libg_nano.a(libc_a-stdio.o) (_close_r)
C:/Program Files/Arm/GNU Toolchain mingw-w64-x86_64-arm-none-eabi/bin/../lib/gcc/arm-none-eabi/15.2.1/../../../../arm-none-eabi/lib/thumb/v8-m.main+fp/hard\libg_nano.a(libc_a-reent.o)
                              C:/Program Files/Arm/GNU Toolchain mingw-w64-x86_64-arm-none-eabi/bin/../lib/gcc/arm-none-eabi/15.2.1/../../../../arm-none-eabi/lib/thumb/v8-m.main+fp/hard\libg_nano.a(libc_a-closer.o) (errno)
C:/Program Files/Arm/GNU Toolchain mingw-w64-x86_64-arm-none-eabi/bin/../lib/gcc/arm-none-eabi/15.2.1/../../../../arm-none-eabi/lib/thumb/v8-m.main+fp/hard\libg_nano.a(libc_a-impure.o)
                              C:/Program Files/Arm/GNU Toolchain mingw-w64-x86_64-arm-none-eabi/bin/../lib/gcc/arm-none-eabi/15.2.1/../../../../arm-none-eabi/lib/thumb/v8-m.main+fp/hard\libg_nano.a(libc_a-reent.o) (_impure_ptr)
C:/Program Files/Arm/GNU Toolchain mingw-w64-x86_64-arm-none-eabi/bin/../lib/gcc/arm-none-eabi/15.2.1/../../../../arm-none-eabi/lib/thumb/v8-m.main+fp/hard\libg_nano.a(libc_a-lseekr.o)
                              C:/Program Files/Arm/GNU Toolchain mingw-w64-x86_64-arm-none-eabi/bin/../lib/gcc/arm-none-eabi/15.2.1/../../../../arm-none-eabi/lib/thumb/v8-m.main+fp/hard\libg_nano.a(libc_a-stdio.o) (_lseek_r)
C:/Program Files/Arm/GNU Toolchain mingw-w64-x86_64-arm-none-eabi/bin/../lib/gcc/arm-none-eabi/15.2.1/../../../../arm-none-eabi/lib/thumb/v8-m.main+fp/hard\libg_nano.a(libc_a-readr.o)
[...]
Memory Configuration

Name             Origin             Length             Attributes
RAM              0x20000000         0x000a0000         xrw
FLASH            0x08000000         0x00200000         xr
*default*        0x00000000         0xffffffff

Linker script and memory map

LOAD C:/Program Files/Arm/GNU Toolchain mingw-w64-x86_64-arm-none-eabi/bin/../lib/gcc/arm-none-eabi/15.2.1/thumb/v8-m.main+fp/hard/crti.o
LOAD C:/Program Files/Arm/GNU Toolchain mingw-w64-x86_64-arm-none-eabi/bin/../lib/gcc/arm-none-eabi/15.2.1/thumb/v8-m.main+fp/hard/crtbegin.o
LOAD C:/Program Files/Arm/GNU Toolchain mingw-w64-x86_64-arm-none-eabi/bin/../lib/gcc/arm-none-eabi/15.2.1/../../../../arm-none-eabi/lib/thumb/v8-m.main+fp/hard/crt0.o
LOAD cmake/stm32cubemx/CMakeFiles/STM32_Drivers.dir/__/__/Core/Src/system_stm32h5xx.c.obj
LOAD cmake/stm32cubemx/CMakeFiles/STM32_Drivers.dir/__/__/Drivers/STM32H5xx_HAL_Driver/Src/stm32h5xx_hal_cortex.c.obj
LOAD cmake/stm32cubemx/CMakeFiles/STM32_Drivers.dir/__/__/Drivers/STM32H5xx_HAL_Driver/Src/stm32h5xx_hal_rcc.c.obj
LOAD cmake/stm32cubemx/CMakeFiles/STM32_Drivers.dir/__/__/Drivers/STM32H5xx_HAL_Driver/Src/stm32h5xx_hal_rcc_ex.c.obj
LOAD cmake/stm32cubemx/CMakeFiles/STM32_Drivers.dir/__/__/Drivers/STM32H5xx_HAL_Driver/Src/stm32h5xx_hal_flash.c.obj
LOAD cmake/stm32cubemx/CMakeFiles/STM32_Drivers.dir/__/__/Drivers/STM32H5xx_HAL_Driver/Src/stm32h5xx_hal_flash_ex.c.obj
LOAD cmake/stm32cubemx/CMakeFiles/STM32_Drivers.dir/__/__/Drivers/STM32H5xx_HAL_Driver/Src/stm32h5xx_hal_gpio.c.obj
LOAD cmake/stm32cubemx/CMakeFiles/STM32_Drivers.dir/__/__/Drivers/STM32H5xx_HAL_Driver/Src/stm32h5xx_hal_dma.c.obj
LOAD cmake/stm32cubemx/CMakeFiles/STM32_Drivers.dir/__/__/Drivers/STM32H5xx_HAL_Driver/Src/stm32h5xx_hal_dma_ex.c.obj
LOAD cmake/stm32cubemx/CMakeFiles/STM32_Drivers.dir/__/__/Drivers/STM32H5xx_HAL_Driver/Src/stm32h5xx_hal_pwr.c.obj
LOAD cmake/stm32cubemx/CMakeFiles/STM32_Drivers.dir/__/__/Drivers/STM32H5xx_HAL_Driver/Src/stm32h5xx_hal_pwr_ex.c.obj
LOAD cmake/stm32cubemx/CMakeFiles/STM32_Drivers.dir/__/__/Drivers/STM32H5xx_HAL_Driver/Src/stm32h5xx_hal.c.obj
LOAD cmake/stm32cubemx/CMakeFiles/STM32_Drivers.dir/__/__/Drivers/STM32H5xx_HAL_Driver/Src/stm32h5xx_hal_exti.c.obj
LOAD cmake/stm32cubemx/CMakeFiles/STM32_Drivers.dir/__/__/Drivers/STM32H5xx_HAL_Driver/Src/stm32h5xx_hal_usart.c.obj
LOAD cmake/stm32cubemx/CMakeFiles/STM32_Drivers.dir/__/__/Drivers/STM32H5xx_HAL_Driver/Src/stm32h5xx_hal_usart_ex.c.obj
LOAD cmake/stm32cubemx/CMakeFiles/STM32_Drivers.dir/__/__/Drivers/STM32H5xx_HAL_Driver/Src/stm32h5xx_hal_uart_ex.c.obj
LOAD cmake/stm32cubemx/CMakeFiles/STM32_Drivers.dir/__/__/Drivers/STM32H5xx_HAL_Driver/Src/stm32h5xx_hal_uart.c.obj
LOAD cmake/stm32cubemx/CMakeFiles/STM32_Drivers.dir/__/__/Drivers/BSP/STM32H5xx_Nucleo/stm32h5xx_nucleo.c.obj
LOAD CMakeFiles/nucleo_h563zit.dir/Core/Src/main.c.obj
LOAD CMakeFiles/nucleo_h563zit.dir/Core/Src/stm32h5xx_it.c.obj
LOAD CMakeFiles/nucleo_h563zit.dir/Core/Src/stm32h5xx_hal_msp.c.obj
LOAD CMakeFiles/nucleo_h563zit.dir/Core/Src/sysmem.c.obj
LOAD CMakeFiles/nucleo_h563zit.dir/Core/Src/syscalls.c.obj
LOAD CMakeFiles/nucleo_h563zit.dir/startup_stm32h563xx.s.obj
LOAD CMakeFiles/nucleo_h563zit.dir/Core/Src/uart.c.obj
LOAD C:/Program Files/Arm/GNU Toolchain mingw-w64-x86_64-arm-none-eabi/bin/../lib/gcc/arm-none-eabi/15.2.1/../../../../arm-none-eabi/lib/thumb/v8-m.main+fp/hard\libm.a
START GROUP
LOAD C:/Program Files/Arm/GNU Toolchain mingw-w64-x86_64-arm-none-eabi/bin/../lib/gcc/arm-none-eabi/15.2.1/thumb/v8-m.main+fp/hard\libgcc.a
LOAD C:/Program Files/Arm/GNU Toolchain mingw-w64-x86_64-arm-none-eabi/bin/../lib/gcc/arm-none-eabi/15.2.1/../../../../arm-none-eabi/lib/thumb/v8-m.main+fp/hard\libg_nano.a
LOAD C:/Program Files/Arm/GNU Toolchain mingw-w64-x86_64-arm-none-eabi/bin/../lib/gcc/arm-none-eabi/15.2.1/../../../../arm-none-eabi/lib/thumb/v8-m.main+fp/hard\libc_nano.a
END GROUP
START GROUP
LOAD C:/Program Files/Arm/GNU Toolchain mingw-w64-x86_64-arm-none-eabi/bin/../lib/gcc/arm-none-eabi/15.2.1/thumb/v8-m.main+fp/hard\libgcc.a
LOAD C:/Program Files/Arm/GNU Toolchain mingw-w64-x86_64-arm-none-eabi/bin/../lib/gcc/arm-none-eabi/15.2.1/../../../../arm-none-eabi/lib/thumb/v8-m.main+fp/hard\libc_nano.a
END GROUP
LOAD C:/Program Files/Arm/GNU Toolchain mingw-w64-x86_64-arm-none-eabi/bin/../lib/gcc/arm-none-eabi/15.2.1/thumb/v8-m.main+fp/hard/crtend.o
LOAD C:/Program Files/Arm/GNU Toolchain mingw-w64-x86_64-arm-none-eabi/bin/../lib/gcc/arm-none-eabi/15.2.1/thumb/v8-m.main+fp/hard/crtn.o
                0x200a0000                        _estack = (ORIGIN (RAM) + LENGTH (RAM))
                0x00000200                        _Min_Heap_Size = 0x200
                0x00000400                        _Min_Stack_Size = 0x400

.isr_vector     0x08000000      0x24c
                0x08000000                        . = ALIGN (0x4)
 *(.isr_vector)
 .isr_vector    0x08000000      0x24c CMakeFiles/nucleo_h563zit.dir/startup_stm32h563xx.s.obj
                0x08000000                g_pfnVectors
                0x0800024c                        . = ALIGN (0x4)

.text           0x0800024c     0x5d54
                0x0800024c                        . = ALIGN (0x4)
 *(.text)
 .text          0x0800024c       0x30 C:/Program Files/Arm/GNU Toolchain mingw-w64-x86_64-arm-none-eabi/bin/../lib/gcc/arm-none-eabi/15.2.1/thumb/v8-m.main+fp/hard\libgcc.a(_aeabi_uldivmod.o)
                0x0800024c                __aeabi_uldivmod
 .text          0x0800027c        0x4 C:/Program Files/Arm/GNU Toolchain mingw-w64-x86_64-arm-none-eabi/bin/../lib/gcc/arm-none-eabi/15.2.1/thumb/v8-m.main+fp/hard\libgcc.a(_dvmd_tls.o)
                0x0800027c                __aeabi_idiv0
                0x0800027c                __aeabi_ldiv0
 *(.text*)
 .text.deregister_tm_clones
                0x08000280       0x1c C:/Program Files/Arm/GNU Toolchain mingw-w64-x86_64-arm-none-eabi/bin/../lib/gcc/arm-none-eabi/15.2.1/thumb/v8-m.main+fp/hard/crtbegin.o
 .text.register_tm_clones
                0x0800029c       0x28 C:/Program Files/Arm/GNU Toolchain mingw-w64-x86_64-arm-none-eabi/bin/../lib/gcc/arm-none-eabi/15.2.1/thumb/v8-m.main+fp/hard/crtbegin.o
 .text.__do_global_dtors_aux
                0x080002c4       0x28 C:/Program Files/Arm/GNU Toolchain mingw-w64-x86_64-arm-none-eabi/bin/../lib/gcc/arm-none-eabi/15.2.1/thumb/v8-m.main+fp/hard/crtbegin.o
 .text.frame_dummy
                0x080002ec       0x24 C:/Program Files/Arm/GNU Toolchain mingw-w64-x86_64-arm-none-eabi/bin/../lib/gcc/arm-none-eabi/15.2.1/thumb/v8-m.main+fp/hard/crtbegin.o
 .text.SystemInit
                0x08000310       0xf4 cmake/stm32cubemx/CMakeFiles/STM32_Drivers.dir/__/__/Core/Src/system_stm32h5xx.c.obj
                0x08000310                SystemInit
 .text.__NVIC_SetPriorityGrouping
                0x08000404       0x48 cmake/stm32cubemx/CMakeFiles/STM32_Drivers.dir/__/__/Drivers/STM32H5xx_HAL_Driver/Src/stm32h5xx_hal_cortex.c.obj
 .text.__NVIC_GetPriorityGrouping
                0x0800044c       0x1c cmake/stm32cubemx/CMakeFiles/STM32_Drivers.dir/__/__/Drivers/STM32H5xx_HAL_Driver/Src/stm32h5xx_hal_cortex.c.obj
 .text.__NVIC_EnableIRQ
                0x08000468       0x38 cmake/stm32cubemx/CMakeFiles/STM32_Drivers.dir/__/__/Drivers/STM32H5xx_HAL_Driver/Src/stm32h5xx_hal_cortex.c.obj
 .text.__NVIC_SetPriority
                0x080004a0       0x54 cmake/stm32cubemx/CMakeFiles/STM32_Drivers.dir/__/__/Drivers/STM32H5xx_HAL_Driver/Src/stm32h5xx_hal_cortex.c.obj
 .text.NVIC_EncodePriority
                0x080004f4       0x6e cmake/stm32cubemx/CMakeFiles/STM32_Drivers.dir/__/__/Drivers/STM32H5xx_HAL_Driver/Src/stm32h5xx_hal_cortex.c.obj
 .text.HAL_NVIC_SetPriorityGrouping
                0x08000562       0x16 cmake/stm32cubemx/CMakeFiles/STM32_Drivers.dir/__/__/Drivers/STM32H5xx_HAL_Driver/Src/stm32h5xx_hal_cortex.c.obj
                0x08000562                HAL_NVIC_SetPriorityGrouping
 .text.HAL_NVIC_SetPriority
                0x08000578       0x34 cmake/stm32cubemx/CMakeFiles/STM32_Drivers.dir/__/__/Drivers/STM32H5xx_HAL_Driver/Src/stm32h5xx_hal_cortex.c.obj
                0x08000578                HAL_NVIC_SetPriority
 .text.HAL_NVIC_EnableIRQ
                0x080005ac       0x1c cmake/stm32cubemx/CMakeFiles/STM32_Drivers.dir/__/__/Drivers/STM32H5xx_HAL_Driver/Src/stm32h5xx_hal_cortex.c.obj
                0x080005ac                HAL_NVIC_EnableIRQ
 .text.HAL_SYSTICK_Config
                0x080005c8       0x40 cmake/stm32cubemx/CMakeFiles/STM32_Drivers.dir/__/__/Drivers/STM32H5xx_HAL_Driver/Src/stm32h5xx_hal_cortex.c.obj
                0x080005c8                HAL_SYSTICK_Config
 .text.HAL_SYSTICK_CLKSourceConfig
                0x08000608       0xb4 cmake/stm32cubemx/CMakeFiles/STM32_Drivers.dir/__/__/Drivers/STM32H5xx_HAL_Driver/Src/stm32h5xx_hal_cortex.c.obj
                0x08000608                HAL_SYSTICK_CLKSourceConfig
 .text.HAL_SYSTICK_GetCLKSourceConfig
                0x080006bc       0x6c cmake/stm32cubemx/CMakeFiles/STM32_Drivers.dir/__/__/Drivers/STM32H5xx_HAL_Driver/Src/stm32h5xx_hal_cortex.c.obj
                0x080006bc                HAL_SYSTICK_GetCLKSourceConfig
 .text.HAL_RCC_OscConfig
                0x08000728      0x870 cmake/stm32cubemx/CMakeFiles/STM32_Drivers.dir/__/__/Drivers/STM32H5xx_HAL_Driver/Src/stm32h5xx_hal_rcc.c.obj
                0x08000728                HAL_RCC_OscConfig
 .text.HAL_RCC_ClockConfig
                0x08000f98      0x370 cmake/stm32cubemx/CMakeFiles/STM32_Drivers.dir/__/__/Drivers/STM32H5xx_HAL_Driver/Src/stm32h5xx_hal_rcc.c.obj
                0x08000f98                HAL_RCC_ClockConfig
 .text.HAL_RCC_GetSysClockFreq
                0x08001308      0x254 cmake/stm32cubemx/CMakeFiles/STM32_Drivers.dir/__/__/Drivers/STM32H5xx_HAL_Driver/Src/stm32h5xx_hal_rcc.c.obj
                0x08001308                HAL_RCC_GetSysClockFreq
 .text.HAL_RCC_GetHCLKFreq
                0x0800155c       0x38 cmake/stm32cubemx/CMakeFiles/STM32_Drivers.dir/__/__/Drivers/STM32H5xx_HAL_Driver/Src/stm32h5xx_hal_rcc.c.obj
                0x0800155c                HAL_RCC_GetHCLKFreq
 .text.HAL_RCC_GetPCLK1Freq
                0x08001594       0x2c cmake/stm32cubemx/CMakeFiles/STM32_Drivers.dir/__/__/Drivers/STM32H5xx_HAL_Driver/Src/stm32h5xx_hal_rcc.c.obj
                0x08001594                HAL_RCC_GetPCLK1Freq
 .text.HAL_RCC_GetPCLK2Freq
                0x080015c0       0x2c cmake/stm32cubemx/CMakeFiles/STM32_Drivers.dir/__/__/Drivers/STM32H5xx_HAL_Driver/Src/stm32h5xx_hal_rcc.c.obj
                0x080015c0                HAL_RCC_GetPCLK2Freq
 .text.HAL_RCC_GetPCLK3Freq
                0x080015ec       0x2c cmake/stm32cubemx/CMakeFiles/STM32_Drivers.dir/__/__/Drivers/STM32H5xx_HAL_Driver/Src/stm32h5xx_hal_rcc.c.obj
                0x080015ec                HAL_RCC_GetPCLK3Freq
 .text.HAL_RCCEx_GetPLL1ClockFreq
                0x08001618      0x2d4 cmake/stm32cubemx/CMakeFiles/STM32_Drivers.dir/__/__/Drivers/STM32H5xx_HAL_Driver/Src/stm32h5xx_hal_rcc_ex.c.obj
                0x08001618                HAL_RCCEx_GetPLL1ClockFreq
 .text.HAL_RCCEx_GetPLL2ClockFreq
                0x080018ec      0x2d4 cmake/stm32cubemx/CMakeFiles/STM32_Drivers.dir/__/__/Drivers/STM32H5xx_HAL_Driver/Src/stm32h5xx_hal_rcc_ex.c.obj
                0x080018ec                HAL_RCCEx_GetPLL2ClockFreq
 .text.HAL_RCCEx_GetPLL3ClockFreq
                0x08001bc0      0x2d4 cmake/stm32cubemx/CMakeFiles/STM32_Drivers.dir/__/__/Drivers/STM32H5xx_HAL_Driver/Src/stm32h5xx_hal_rcc_ex.c.obj
                0x08001bc0                HAL_RCCEx_GetPLL3ClockFreq
 .text.HAL_RCCEx_GetPeriphCLKFreq
                0x08001e94     0x2644 cmake/stm32cubemx/CMakeFiles/STM32_Drivers.dir/__/__/Drivers/STM32H5xx_HAL_Driver/Src/stm32h5xx_hal_rcc_ex.c.obj
                0x08001e94                HAL_RCCEx_GetPeriphCLKFreq
 .text.HAL_GPIO_Init
                0x080044d8      0x2bc cmake/stm32cubemx/CMakeFiles/STM32_Drivers.dir/__/__/Drivers/STM32H5xx_HAL_Driver/Src/stm32h5xx_hal_gpio.c.obj
                0x080044d8                HAL_GPIO_Init
 .text.HAL_GPIO_WritePin
                0x08004794       0x2e cmake/stm32cubemx/CMakeFiles/STM32_Drivers.dir/__/__/Drivers/STM32H5xx_HAL_Driver/Src/stm32h5xx_hal_gpio.c.obj
                0x08004794                HAL_GPIO_WritePin
 *fill*         0x080047c2        0x2 
 .text.HAL_PWREx_DisableUCPDDeadBattery
                0x080047c4       0x1c cmake/stm32cubemx/CMakeFiles/STM32_Drivers.dir/__/__/Drivers/STM32H5xx_HAL_Driver/Src/stm32h5xx_hal_pwr_ex.c.obj
                0x080047c4                HAL_PWREx_DisableUCPDDeadBattery
 .text.HAL_Init
                0x080047e0       0x50 cmake/stm32cubemx/CMakeFiles/STM32_Drivers.dir/__/__/Drivers/STM32H5xx_HAL_Driver/Src/stm32h5xx_hal.c.obj
                0x080047e0                HAL_Init
 .text.HAL_InitTick
                0x08004830       0xec cmake/stm32cubemx/CMakeFiles/STM32_Drivers.dir/__/__/Drivers/STM32H5xx_HAL_Driver/Src/stm32h5xx_hal.c.obj
                0x08004830                HAL_InitTick
 .text.HAL_IncTick
                0x0800491c       0x24 cmake/stm32cubemx/CMakeFiles/STM32_Drivers.dir/__/__/Drivers/STM32H5xx_HAL_Driver/Src/stm32h5xx_hal.c.obj
                0x0800491c                HAL_IncTick
 .text.HAL_GetTick
                0x08004940       0x14 cmake/stm32cubemx/CMakeFiles/STM32_Drivers.dir/__/__/Drivers/STM32H5xx_HAL_Driver/Src/stm32h5xx_hal.c.obj
                0x08004940                HAL_GetTick
 .text.HAL_EXTI_RegisterCallback
                0x08004954       0x56 cmake/stm32cubemx/CMakeFiles/STM32_Drivers.dir/__/__/Drivers/STM32H5xx_HAL_Driver/Src/stm32h5xx_hal_exti.c.obj
                0x08004954                HAL_EXTI_RegisterCallback
 .text.HAL_EXTI_GetHandle
                0x080049aa       0x26 cmake/stm32cubemx/CMakeFiles/STM32_Drivers.dir/__/__/Drivers/STM32H5xx_HAL_Driver/Src/stm32h5xx_hal_exti.c.obj
                0x080049aa                HAL_EXTI_GetHandle
 .text.HAL_EXTI_IRQHandler
                0x080049d0       0x90 cmake/stm32cubemx/CMakeFiles/STM32_Drivers.dir/__/__/Drivers/STM32H5xx_HAL_Driver/Src/stm32h5xx_hal_exti.c.obj
                0x080049d0                HAL_EXTI_IRQHandler
 .text.HAL_UART_Init
                0x08004a60       0xa0 cmake/stm32cubemx/CMakeFiles/STM32_Drivers.dir/__/__/Drivers/STM32H5xx_HAL_Driver/Src/stm32h5xx_hal_uart.c.obj
                0x08004a60                HAL_UART_Init
 .text.HAL_UART_MspInit
                0x08004b00       0x12 cmake/stm32cubemx/CMakeFiles/STM32_Drivers.dir/__/__/Drivers/STM32H5xx_HAL_Driver/Src/stm32h5xx_hal_uart.c.obj
                0x08004b00                HAL_UART_MspInit
 *fill*         0x08004b12        0x2 
 .text.UART_SetConfig
                0x08004b14      0x3dc cmake/stm32cubemx/CMakeFiles/STM32_Drivers.dir/__/__/Drivers/STM32H5xx_HAL_Driver/Src/stm32h5xx_hal_uart.c.obj
                0x08004b14                UART_SetConfig
 .text.UART_AdvFeatureConfig
                0x08004ef0      0x142 cmake/stm32cubemx/CMakeFiles/STM32_Drivers.dir/__/__/Drivers/STM32H5xx_HAL_Driver/Src/stm32h5xx_hal_uart.c.obj
                0x08004ef0                UART_AdvFeatureConfig
 .text.UART_CheckIdleState
                0x08005032      0x154 cmake/stm32cubemx/CMakeFiles/STM32_Drivers.dir/__/__/Drivers/STM32H5xx_HAL_Driver/Src/stm32h5xx_hal_uart.c.obj
                0x08005032                UART_CheckIdleState
 .text.UART_WaitOnFlagUntilTimeout
                0x08005186       0xda cmake/stm32cubemx/CMakeFiles/STM32_Drivers.dir/__/__/Drivers/STM32H5xx_HAL_Driver/Src/stm32h5xx_hal_uart.c.obj
                0x08005186                UART_WaitOnFlagUntilTimeout
 .text.UART_EndRxTransfer
                0x08005260       0xca cmake/stm32cubemx/CMakeFiles/STM32_Drivers.dir/__/__/Drivers/STM32H5xx_HAL_Driver/Src/stm32h5xx_hal_uart.c.obj
 *fill*         0x0800532a        0x2 
 .text.BSP_LED_Init
                0x0800532c       0xec cmake/stm32cubemx/CMakeFiles/STM32_Drivers.dir/__/__/Drivers/BSP/STM32H5xx_Nucleo/stm32h5xx_nucleo.c.obj
                0x0800532c                BSP_LED_Init
 .text.BSP_LED_On
                0x08005418       0x54 cmake/stm32cubemx/CMakeFiles/STM32_Drivers.dir/__/__/Drivers/BSP/STM32H5xx_Nucleo/stm32h5xx_nucleo.c.obj
                0x08005418                BSP_LED_On
 .text.BSP_PB_Init
                0x0800546c       0xf0 cmake/stm32cubemx/CMakeFiles/STM32_Drivers.dir/__/__/Drivers/BSP/STM32H5xx_Nucleo/stm32h5xx_nucleo.c.obj
                0x0800546c                BSP_PB_Init
 .text.BSP_PB_IRQHandler
                0x0800555c       0x2c cmake/stm32cubemx/CMakeFiles/STM32_Drivers.dir/__/__/Drivers/BSP/STM32H5xx_Nucleo/stm32h5xx_nucleo.c.obj
                0x0800555c                BSP_PB_IRQHandler
 .text.BSP_PB_Callback
                0x08005588       0x14 cmake/stm32cubemx/CMakeFiles/STM32_Drivers.dir/__/__/Drivers/BSP/STM32H5xx_Nucleo/stm32h5xx_nucleo.c.obj
                0x08005588                BSP_PB_Callback
 .text.BSP_COM_Init
                0x0800559c       0x60 cmake/stm32cubemx/CMakeFiles/STM32_Drivers.dir/__/__/Drivers/BSP/STM32H5xx_Nucleo/stm32h5xx_nucleo.c.obj
                0x0800559c                BSP_COM_Init
 .text.MX_USART_Init
                0x080055fc       0x68 cmake/stm32cubemx/CMakeFiles/STM32_Drivers.dir/__/__/Drivers/BSP/STM32H5xx_Nucleo/stm32h5xx_nucleo.c.obj
                0x080055fc                MX_USART_Init
 .text.BUTTON_USER_EXTI_Callback
                0x08005664        0xe cmake/stm32cubemx/CMakeFiles/STM32_Drivers.dir/__/__/Drivers/BSP/STM32H5xx_Nucleo/stm32h5xx_nucleo.c.obj
 *fill*         0x08005672        0x2 
 .text.COM1_MspInit
                0x08005674       0xb0 cmake/stm32cubemx/CMakeFiles/STM32_Drivers.dir/__/__/Drivers/BSP/STM32H5xx_Nucleo/stm32h5xx_nucleo.c.obj
 .text.main     0x08005724       0x6c CMakeFiles/nucleo_h563zit.dir/Core/Src/main.c.obj
                0x08005724                main
 .text.SystemClock_Config
                0x08005790       0xe0 CMakeFiles/nucleo_h563zit.dir/Core/Src/main.c.obj
                0x08005790                SystemClock_Config
 .text.MX_GPIO_Init
                0x08005870      0x1fc CMakeFiles/nucleo_h563zit.dir/Core/Src/main.c.obj
 .text.Error_Handler
                0x08005a6c        0xc CMakeFiles/nucleo_h563zit.dir/Core/Src/main.c.obj
                0x08005a6c                Error_Handler
 .text.NMI_Handler
                0x08005a78        0x8 CMakeFiles/nucleo_h563zit.dir/Core/Src/stm32h5xx_it.c.obj
                0x08005a78                NMI_Handler
 .text.HardFault_Handler
                0x08005a80        0x8 CMakeFiles/nucleo_h563zit.dir/Core/Src/stm32h5xx_it.c.obj
                0x08005a80                HardFault_Handler
 .text.MemManage_Handler
                0x08005a88        0x8 CMakeFiles/nucleo_h563zit.dir/Core/Src/stm32h5xx_it.c.obj
                0x08005a88                MemManage_Handler
 .text.BusFault_Handler
                0x08005a90        0x8 CMakeFiles/nucleo_h563zit.dir/Core/Src/stm32h5xx_it.c.obj
                0x08005a90                BusFault_Handler
 .text.UsageFault_Handler
                0x08005a98        0x8 CMakeFiles/nucleo_h563zit.dir/Core/Src/stm32h5xx_it.c.obj
                0x08005a98                UsageFault_Handler
 .text.SVC_Handler
                0x08005aa0        0xc CMakeFiles/nucleo_h563zit.dir/Core/Src/stm32h5xx_it.c.obj
                0x08005aa0                SVC_Handler
 .text.DebugMon_Handler
                0x08005aac        0xc CMakeFiles/nucleo_h563zit.dir/Core/Src/stm32h5xx_it.c.obj
                0x08005aac                DebugMon_Handler
 .text.PendSV_Handler
                0x08005ab8        0xc CMakeFiles/nucleo_h563zit.dir/Core/Src/stm32h5xx_it.c.obj
                0x08005ab8                PendSV_Handler
 .text.SysTick_Handler
                0x08005ac4        0xc CMakeFiles/nucleo_h563zit.dir/Core/Src/stm32h5xx_it.c.obj
                0x08005ac4                SysTick_Handler
 .text.EXTI13_IRQHandler
                0x08005ad0        0xe CMakeFiles/nucleo_h563zit.dir/Core/Src/stm32h5xx_it.c.obj
                0x08005ad0                EXTI13_IRQHandler
 .text.HAL_MspInit
                0x08005ade        0xc CMakeFiles/nucleo_h563zit.dir/Core/Src/stm32h5xx_hal_msp.c.obj
                0x08005ade                HAL_MspInit
 *fill*         0x08005aea        0x2 
 .text.Reset_Handler
                0x08005aec       0x50 CMakeFiles/nucleo_h563zit.dir/startup_stm32h563xx.s.obj
                0x08005aec                Reset_Handler
 .text.Default_Handler
                0x08005b3c        0x2 CMakeFiles/nucleo_h563zit.dir/startup_stm32h563xx.s.obj
                0x08005b3c                EXTI2_IRQHandler
                0x08005b3c                TIM8_TRG_COM_IRQHandler
                0x08005b3c                TIM8_CC_IRQHandler
                0x08005b3c                EXTI5_IRQHandler
                0x08005b3c                I3C1_ER_IRQHandler
                0x08005b3c                UART8_IRQHandler
                0x08005b3c                SPI4_IRQHandler
                0x08005b3c                GPDMA2_Channel1_IRQHandler
                0x08005b3c                FLASH_S_IRQHandler
                0x08005b3c                TIM1_CC_IRQHandler
                0x08005b3c                GPDMA2_Channel3_IRQHandler
                0x08005b3c                TAMP_IRQHandler
                0x08005b3c                TIM6_IRQHandler
                0x08005b3c                EXTI12_IRQHandler
                0x08005b3c                CORDIC_IRQHandler
                0x08005b3c                USB_DRD_FS_IRQHandler
                0x08005b3c                EXTI3_IRQHandler
                0x08005b3c                LPTIM4_IRQHandler
                0x08005b3c                GPDMA1_Channel5_IRQHandler
                0x08005b3c                EXTI8_IRQHandler
                0x08005b3c                GPDMA2_Channel5_IRQHandler
                0x08005b3c                LPTIM2_IRQHandler
                0x08005b3c                I2C3_ER_IRQHandler
                0x08005b3c                GPDMA2_Channel2_IRQHandler
                0x08005b3c                USART10_IRQHandler
                0x08005b3c                LPTIM3_IRQHandler
                0x08005b3c                EXTI0_IRQHandler
                0x08005b3c                I2C2_EV_IRQHandler
                0x08005b3c                FPU_IRQHandler
                0x08005b3c                GPDMA1_Channel3_IRQHandler
                0x08005b3c                GPDMA1_Channel7_IRQHandler
                0x08005b3c                FDCAN1_IT1_IRQHandler
                0x08005b3c                RAMCFG_IRQHandler
                0x08005b3c                DCACHE1_IRQHandler
                0x08005b3c                SPI1_IRQHandler
                0x08005b3c                OCTOSPI1_IRQHandler
                0x08005b3c                GPDMA1_Channel2_IRQHandler
                0x08005b3c                TIM8_UP_IRQHandler
                0x08005b3c                RCC_S_IRQHandler
                0x08005b3c                SAI2_IRQHandler
                0x08005b3c                ADC1_IRQHandler
                0x08005b3c                USART6_IRQHandler
                0x08005b3c                EXTI15_IRQHandler
                0x08005b3c                TIM17_IRQHandler
                0x08005b3c                USART3_IRQHandler
                0x08005b3c                RTC_IRQHandler
                0x08005b3c                EXTI9_IRQHandler
                0x08005b3c                LPTIM5_IRQHandler
                0x08005b3c                UART5_IRQHandler
                0x08005b3c                TIM4_IRQHandler
                0x08005b3c                I2C1_EV_IRQHandler
                0x08005b3c                GPDMA1_Channel1_IRQHandler
                0x08005b3c                TIM16_IRQHandler
                0x08005b3c                UART4_IRQHandler
                0x08005b3c                SecureFault_Handler
                0x08005b3c                TIM3_IRQHandler
                0x08005b3c                RCC_IRQHandler
                0x08005b3c                UART9_IRQHandler
                0x08005b3c                TIM1_TRG_COM_IRQHandler
                0x08005b3c                Default_Handler
                0x08005b3c                FMAC_IRQHandler
                0x08005b3c                CEC_IRQHandler
                0x08005b3c                USART11_IRQHandler
                0x08005b3c                TIM14_IRQHandler
                0x08005b3c                TIM13_IRQHandler
                0x08005b3c                GPDMA2_Channel4_IRQHandler
                0x08005b3c                SPI5_IRQHandler
                0x08005b3c                TIM12_IRQHandler
                0x08005b3c                TIM7_IRQHandler
                0x08005b3c                SDMMC1_IRQHandler
                0x08005b3c                TIM5_IRQHandler
                0x08005b3c                UCPD1_IRQHandler
                0x08005b3c                GPDMA1_Channel0_IRQHandler
                0x08005b3c                I3C1_EV_IRQHandler
                0x08005b3c                TIM15_IRQHandler
                0x08005b3c                PVD_AVD_IRQHandler
                0x08005b3c                I2C3_EV_IRQHandler
                0x08005b3c                ETH_WKUP_IRQHandler
                0x08005b3c                ADC2_IRQHandler
                0x08005b3c                SPI2_IRQHandler
                0x08005b3c                EXTI14_IRQHandler
                0x08005b3c                EXTI11_IRQHandler
                0x08005b3c                CRS_IRQHandler
                0x08005b3c                EXTI4_IRQHandler
                0x08005b3c                GPDMA2_Channel0_IRQHandler
                0x08005b3c                RTC_S_IRQHandler
                0x08005b3c                RNG_IRQHandler
                0x08005b3c                FDCAN2_IT1_IRQHandler
                0x08005b3c                ETH_IRQHandler
                0x08005b3c                GPDMA2_Channel6_IRQHandler
                0x08005b3c                TIM1_UP_IRQHandler
                0x08005b3c                UART12_IRQHandler
                0x08005b3c                WWDG_IRQHandler
                0x08005b3c                SPI6_IRQHandler
                0x08005b3c                I2C4_EV_IRQHandler
                0x08005b3c                FDCAN2_IT0_IRQHandler
                0x08005b3c                IWDG_IRQHandler
                0x08005b3c                LPUART1_IRQHandler
                0x08005b3c                FDCAN1_IT0_IRQHandler
                0x08005b3c                TIM2_IRQHandler
                0x08005b3c                GPDMA1_Channel4_IRQHandler
                0x08005b3c                EXTI7_IRQHandler
                0x08005b3c                TIM1_BRK_IRQHandler
                0x08005b3c                EXTI1_IRQHandler
                0x08005b3c                SDMMC2_IRQHandler
                0x08005b3c                LPTIM6_IRQHandler
                0x08005b3c                DAC1_IRQHandler
                0x08005b3c                DTS_IRQHandler
                0x08005b3c                UART7_IRQHandler
                0x08005b3c                GTZC_IRQHandler
                0x08005b3c                USART2_IRQHandler
                0x08005b3c                GPDMA1_Channel6_IRQHandler
                0x08005b3c                GPDMA2_Channel7_IRQHandler
                0x08005b3c                I2C2_ER_IRQHandler
                0x08005b3c                TIM8_BRK_IRQHandler
                0x08005b3c                FLASH_IRQHandler
                0x08005b3c                USART1_IRQHandler
                0x08005b3c                EXTI10_IRQHandler
                0x08005b3c                SPI3_IRQHandler
                0x08005b3c                I2C1_ER_IRQHandler
                0x08005b3c                FMC_IRQHandler
                0x08005b3c                EXTI6_IRQHandler
                0x08005b3c                LPTIM1_IRQHandler
                0x08005b3c                DCMI_PSSI_IRQHandler
                0x08005b3c                I2C4_ER_IRQHandler
                0x08005b3c                ICACHE_IRQHandler
                0x08005b3c                SAI1_IRQHandler
                0x08005b3c                HASH_IRQHandler
 *fill*         0x08005b3e        0x2 
 .text.UART_Init
                0x08005b40       0xb0 CMakeFiles/nucleo_h563zit.dir/Core/Src/uart.c.obj
                0x08005b40                UART_Init
 .text.__udivmoddi4
                0x08005bf0      0x340 C:/Program Files/Arm/GNU Toolchain mingw-w64-x86_64-arm-none-eabi/bin/../lib/gcc/arm-none-eabi/15.2.1/thumb/v8-m.main+fp/hard\libgcc.a(_udivmoddi4.o)
                0x08005bf0                __udivmoddi4
 .text.memset   0x08005f30       0x10 C:/Program Files/Arm/GNU Toolchain mingw-w64-x86_64-arm-none-eabi/bin/../lib/gcc/arm-none-eabi/15.2.1/../../../../arm-none-eabi/lib/thumb/v8-m.main+fp/hard\libg_nano.a(libc_a-memset.o)
                0x08005f30                memset
 .text.__libc_init_array
                0x08005f40       0x48 C:/Program Files/Arm/GNU Toolchain mingw-w64-x86_64-arm-none-eabi/bin/../lib/gcc/arm-none-eabi/15.2.1/../../../../arm-none-eabi/lib/thumb/v8-m.main+fp/hard\libg_nano.a(libc_a-init.o)
                0x08005f40                __libc_init_array
 *(.glue_7)
 .glue_7        0x08005f88        0x0 linker stubs
 *(.glue_7t)
 .glue_7t       0x08005f88        0x0 linker stubs
 *(.eh_frame)
 .eh_frame      0x08005f88        0x0 C:/Program Files/Arm/GNU Toolchain mingw-w64-x86_64-arm-none-eabi/bin/../lib/gcc/arm-none-eabi/15.2.1/thumb/v8-m.main+fp/hard/crtbegin.o
 *(.init)
 .init          0x08005f88        0x4 C:/Program Files/Arm/GNU Toolchain mingw-w64-x86_64-arm-none-eabi/bin/../lib/gcc/arm-none-eabi/15.2.1/thumb/v8-m.main+fp/hard/crti.o
                0x08005f88                _init
 .init          0x08005f8c        0x8 C:/Program Files/Arm/GNU Toolchain mingw-w64-x86_64-arm-none-eabi/bin/../lib/gcc/arm-none-eabi/15.2.1/thumb/v8-m.main+fp/hard/crtn.o
 *(.fini)
 .fini          0x08005f94        0x4 C:/Program Files/Arm/GNU Toolchain mingw-w64-x86_64-arm-none-eabi/bin/../lib/gcc/arm-none-eabi/15.2.1/thumb/v8-m.main+fp/hard/crti.o
                0x08005f94                _fini
 .fini          0x08005f98        0x8 C:/Program Files/Arm/GNU Toolchain mingw-w64-x86_64-arm-none-eabi/bin/../lib/gcc/arm-none-eabi/15.2.1/thumb/v8-m.main+fp/hard/crtn.o
                0x08005fa0                        . = ALIGN (0x4)
                0x08005fa0                        _etext = .

.vfp11_veneer   0x08005fa0        0x0
 .vfp11_veneer  0x08005fa0        0x0 linker stubs

.v4_bx          0x08005fa0        0x0
 .v4_bx         0x08005fa0        0x0 linker stubs

.iplt           0x08005fa0        0x0
 .iplt          0x08005fa0        0x0 C:/Program Files/Arm/GNU Toolchain mingw-w64-x86_64-arm-none-eabi/bin/../lib/gcc/arm-none-eabi/15.2.1/thumb/v8-m.main+fp/hard/crtbegin.o

.rodata         0x08005fa0       0x3c
                0x08005fa0                        . = ALIGN (0x4)
 *(.rodata)
 *(.rodata*)
 .rodata.AHBPrescTable
                0x08005fa0       0x10 cmake/stm32cubemx/CMakeFiles/STM32_Drivers.dir/__/__/Core/Src/system_stm32h5xx.c.obj
                0x08005fa0                AHBPrescTable
 .rodata.APBPrescTable
                0x08005fb0        0x8 cmake/stm32cubemx/CMakeFiles/STM32_Drivers.dir/__/__/Core/Src/system_stm32h5xx.c.obj
                0x08005fb0                APBPrescTable
 .rodata.UARTPrescTable
                0x08005fb8       0x18 cmake/stm32cubemx/CMakeFiles/STM32_Drivers.dir/__/__/Drivers/STM32H5xx_HAL_Driver/Src/stm32h5xx_hal_uart.c.obj
                0x08005fb8                UARTPrescTable
 .rodata.LED_PIN
                0x08005fd0        0x6 cmake/stm32cubemx/CMakeFiles/STM32_Drivers.dir/__/__/Drivers/BSP/STM32H5xx_Nucleo/stm32h5xx_nucleo.c.obj
 *fill*         0x08005fd6        0x2 
 .rodata.BUTTON_EXTI_LINE.2
                0x08005fd8        0x4 cmake/stm32cubemx/CMakeFiles/STM32_Drivers.dir/__/__/Drivers/BSP/STM32H5xx_Nucleo/stm32h5xx_nucleo.c.obj
                0x08005fdc                        . = ALIGN (0x4)

.ARM.extab      0x08005fdc        0x0
                0x08005fdc                        . = ALIGN (0x4)
 *(.ARM.extab* .gnu.linkonce.armextab.*)
                0x08005fdc                        . = ALIGN (0x4)

.ARM            0x08005fdc        0x8
                0x08005fdc                        . = ALIGN (0x4)
                0x08005fdc                        __exidx_start = .
 *(.ARM.exidx*)
 .ARM.exidx.text.__udivmoddi4
                0x08005fdc        0x8 C:/Program Files/Arm/GNU Toolchain mingw-w64-x86_64-arm-none-eabi/bin/../lib/gcc/arm-none-eabi/15.2.1/thumb/v8-m.main+fp/hard\libgcc.a(_udivmoddi4.o)
                0x08005fe4                        __exidx_end = .
                0x08005fe4                        . = ALIGN (0x4)

.preinit_array  0x08005fe4        0x0
                0x08005fe4                        . = ALIGN (0x4)
                0x08005fe4                        PROVIDE (__preinit_array_start = .)
 *(.preinit_array*)
                0x08005fe4                        PROVIDE (__preinit_array_end = .)
                0x08005fe4                        . = ALIGN (0x4)

.init_array     0x08005fe4        0x4
                0x08005fe4                        . = ALIGN (0x4)
                0x08005fe4                        PROVIDE (__init_array_start = .)
 *(SORT_BY_NAME(.init_array.*))
 *(.init_array*)
 .init_array    0x08005fe4        0x4 C:/Program Files/Arm/GNU Toolchain mingw-w64-x86_64-arm-none-eabi/bin/../lib/gcc/arm-none-eabi/15.2.1/thumb/v8-m.main+fp/hard/crtbegin.o
                0x08005fe8                        PROVIDE (__init_array_end = .)
                0x08005fe8                        . = ALIGN (0x4)

.fini_array     0x08005fe8        0x4
                0x08005fe8                        . = ALIGN (0x4)
                [!provide]                        PROVIDE (__fini_array_start = .)
 *(SORT_BY_NAME(.fini_array.*))
 *(.fini_array*)
 .fini_array    0x08005fe8        0x4 C:/Program Files/Arm/GNU Toolchain mingw-w64-x86_64-arm-none-eabi/bin/../lib/gcc/arm-none-eabi/15.2.1/thumb/v8-m.main+fp/hard/crtbegin.o
                [!provide]                        PROVIDE (__fini_array_end = .)
                0x08005fec                        . = ALIGN (0x4)
                0x08005fec                        _sidata = LOADADDR (.data)

.rel.dyn        0x08005fec        0x0
 .rel.iplt      0x08005fec        0x0 C:/Program Files/Arm/GNU Toolchain mingw-w64-x86_64-arm-none-eabi/bin/../lib/gcc/arm-none-eabi/15.2.1/thumb/v8-m.main+fp/hard/crtbegin.o

.data           0x20000000       0x28 load address 0x08005fec
                0x20000000                        . = ALIGN (0x4)
                0x20000000                        _sdata = .
 *(.data)
 *(.data*)
 .data.SystemCoreClock
                0x20000000        0x4 cmake/stm32cubemx/CMakeFiles/STM32_Drivers.dir/__/__/Core/Src/system_stm32h5xx.c.obj
                0x20000000                SystemCoreClock
 .data.uwTickPrio
                0x20000004        0x4 cmake/stm32cubemx/CMakeFiles/STM32_Drivers.dir/__/__/Drivers/STM32H5xx_HAL_Driver/Src/stm32h5xx_hal.c.obj
                0x20000004                uwTickPrio
 .data.uwTickFreq
                0x20000008        0x1 cmake/stm32cubemx/CMakeFiles/STM32_Drivers.dir/__/__/Drivers/STM32H5xx_HAL_Driver/Src/stm32h5xx_hal.c.obj
                0x20000008                uwTickFreq
 *fill*         0x20000009        0x3 
 .data.COM_USART
                0x2000000c        0x4 cmake/stm32cubemx/CMakeFiles/STM32_Drivers.dir/__/__/Drivers/BSP/STM32H5xx_Nucleo/stm32h5xx_nucleo.c.obj
                0x2000000c                COM_USART
 .data.LED_PORT
                0x20000010        0xc cmake/stm32cubemx/CMakeFiles/STM32_Drivers.dir/__/__/Drivers/BSP/STM32H5xx_Nucleo/stm32h5xx_nucleo.c.obj
 .data.BUTTON_PORT
                0x2000001c        0x4 cmake/stm32cubemx/CMakeFiles/STM32_Drivers.dir/__/__/Drivers/BSP/STM32H5xx_Nucleo/stm32h5xx_nucleo.c.obj
 .data.ButtonCallback.1
                0x20000020        0x4 cmake/stm32cubemx/CMakeFiles/STM32_Drivers.dir/__/__/Drivers/BSP/STM32H5xx_Nucleo/stm32h5xx_nucleo.c.obj
 .data.BSP_BUTTON_PRIO.0
                0x20000024        0x4 cmake/stm32cubemx/CMakeFiles/STM32_Drivers.dir/__/__/Drivers/BSP/STM32H5xx_Nucleo/stm32h5xx_nucleo.c.obj
 *(.RamFunc)
 *(.RamFunc*)
                0x20000028                        . = ALIGN (0x4)

.tm_clone_table
                0x20000028        0x0 load address 0x08006014
 .tm_clone_table
                0x20000028        0x0 C:/Program Files/Arm/GNU Toolchain mingw-w64-x86_64-arm-none-eabi/bin/../lib/gcc/arm-none-eabi/15.2.1/thumb/v8-m.main+fp/hard/crtbegin.o
 .tm_clone_table
                0x20000028        0x0 C:/Program Files/Arm/GNU Toolchain mingw-w64-x86_64-arm-none-eabi/bin/../lib/gcc/arm-none-eabi/15.2.1/thumb/v8-m.main+fp/hard/crtend.o

.igot.plt       0x20000028        0x0 load address 0x08006014
 .igot.plt      0x20000028        0x0 C:/Program Files/Arm/GNU Toolchain mingw-w64-x86_64-arm-none-eabi/bin/../lib/gcc/arm-none-eabi/15.2.1/thumb/v8-m.main+fp/hard/crtbegin.o

.tdata          0x20000028        0x0 load address 0x08006014
 *(.tdata .tdata.* .gnu.linkonce.td.*)
                0x20000028                        . = ALIGN (0x4)
                0x20000028                        _edata = .
                [!provide]                        PROVIDE (__data_end = .)
                [!provide]                        PROVIDE (__tdata_end = .)
                [!provide]                        PROVIDE (__tdata_start = ADDR (.tdata))
                [!provide]                        PROVIDE (__tdata_size = (__tdata_end - __tdata_start))
                [!provide]                        PROVIDE (__data_start = ADDR (.data))
                [!provide]                        PROVIDE (__data_size = (__data_end - __data_start))
                [!provide]                        PROVIDE (__tdata_source = LOADADDR (.tdata))
                [!provide]                        PROVIDE (__tdata_source_end = (LOADADDR (.tdata) + SIZEOF (.tdata)))
                [!provide]                        PROVIDE (__tdata_source_size = (__tdata_source_end - __tdata_source))
                [!provide]                        PROVIDE (__data_source = LOADADDR (.data))
                [!provide]                        PROVIDE (__data_source_end = __tdata_source_end)
                [!provide]                        PROVIDE (__data_source_size = (__data_source_end - __data_source))

.tbss           0x20000028        0x0 load address 0x08006014
                0x20000028                        _sbss = .
                0x20000028                        __bss_start__ = _sbss
 *(.tbss .tbss.*)
                0x20000028                        . = ALIGN (0x4)
                [!provide]                        PROVIDE (__tbss_end = .)
                [!provide]                        PROVIDE (__tbss_start = ADDR (.tbss))
                [!provide]                        PROVIDE (__tbss_size = (__tbss_end - __tbss_start))
                [!provide]                        PROVIDE (__tbss_offset = (ADDR (.tbss) - ADDR (.tdata)))
                [!provide]                        PROVIDE (__tls_base = __tdata_start)
                [!provide]                        PROVIDE (__tls_end = __tbss_end)
                [!provide]                        PROVIDE (__tls_size = (__tls_end - __tls_base))
                [!provide]                        PROVIDE (__tls_align = MAX (ALIGNOF (.tdata), ALIGNOF (.tbss)))
                [!provide]                        PROVIDE (__tls_size_align = (((__tls_size + __tls_align) - 0x1) & ~ ((__tls_align - 0x1))))
                [!provide]                        PROVIDE (__arm32_tls_tcb_offset = MAX (0x8, __tls_align))
                [!provide]                        PROVIDE (__arm64_tls_tcb_offset = MAX (0x10, __tls_align))

.bss            0x20000028       0xd0 load address 0x08006014
 *(.bss)
 *(.bss*)
 .bss.completed.1
                0x20000028        0x1 C:/Program Files/Arm/GNU Toolchain mingw-w64-x86_64-arm-none-eabi/bin/../lib/gcc/arm-none-eabi/15.2.1/thumb/v8-m.main+fp/hard/crtbegin.o
 *fill*         0x20000029        0x3 
 .bss.object.0  0x2000002c       0x18 C:/Program Files/Arm/GNU Toolchain mingw-w64-x86_64-arm-none-eabi/bin/../lib/gcc/arm-none-eabi/15.2.1/thumb/v8-m.main+fp/hard/crtbegin.o
 .bss.uwTick    0x20000044        0x4 cmake/stm32cubemx/CMakeFiles/STM32_Drivers.dir/__/__/Drivers/STM32H5xx_HAL_Driver/Src/stm32h5xx_hal.c.obj
                0x20000044                uwTick
 .bss.hpb_exti  0x20000048        0xc cmake/stm32cubemx/CMakeFiles/STM32_Drivers.dir/__/__/Drivers/BSP/STM32H5xx_Nucleo/stm32h5xx_nucleo.c.obj
                0x20000048                hpb_exti
 .bss.hcom_uart
                0x20000054       0x94 cmake/stm32cubemx/CMakeFiles/STM32_Drivers.dir/__/__/Drivers/BSP/STM32H5xx_Nucleo/stm32h5xx_nucleo.c.obj
                0x20000054                hcom_uart
 .bss.BspCOMInit
                0x200000e8       0x10 CMakeFiles/nucleo_h563zit.dir/Core/Src/main.c.obj
                0x200000e8                BspCOMInit
 *(COMMON)
                0x200000f8                        . = ALIGN (0x4)
                0x200000f8                        _ebss = .
                0x200000f8                        __bss_end__ = _ebss
                [!provide]                        PROVIDE (__bss_end = .)
                [!provide]                        PROVIDE (__non_tls_bss_start = ADDR (.bss))
                [!provide]                        PROVIDE (__bss_start = __tbss_start)
                [!provide]                        PROVIDE (__bss_size = (__bss_end - __bss_start))

._user_heap_stack
                0x200000f8      0x600 load address 0x08006014
                0x200000f8                        . = ALIGN (0x8)
                [!provide]                        PROVIDE (end = .)
                0x200000f8                        PROVIDE (_end = .)
                0x200002f8                        . = (. + _Min_Heap_Size)
 *fill*         0x200000f8      0x200 
                0x200006f8                        . = (. + _Min_Stack_Size)
 *fill*         0x200002f8      0x400 
                0x200006f8                        . = ALIGN (0x8)

/DISCARD/
 libc.a:*(*)
 libm.a:*(*)
 libgcc.a:*(*)

.ARM.attributes
                0x00000000       0x36
 *(.ARM.attributes)
 .ARM.attributes
                0x00000000       0x26 C:/Program Files/Arm/GNU Toolchain mingw-w64-x86_64-arm-none-eabi/bin/../lib/gcc/arm-none-eabi/15.2.1/thumb/v8-m.main+fp/hard/crti.o
 .ARM.attributes
                0x00000026       0x38 C:/Program Files/Arm/GNU Toolchain mingw-w64-x86_64-arm-none-eabi/bin/../lib/gcc/arm-none-eabi/15.2.1/thumb/v8-m.main+fp/hard/crtbegin.o
 .ARM.attributes
                0x0000005e       0x3a cmake/stm32cubemx/CMakeFiles/STM32_Drivers.dir/__/__/Core/Src/system_stm32h5xx.c.obj
 .ARM.attributes
                0x00000098       0x3a cmake/stm32cubemx/CMakeFiles/STM32_Drivers.dir/__/__/Drivers/STM32H5xx_HAL_Driver/Src/stm32h5xx_hal_cortex.c.obj
 .ARM.attributes
                0x000000d2       0x3a cmake/stm32cubemx/CMakeFiles/STM32_Drivers.dir/__/__/Drivers/STM32H5xx_HAL_Driver/Src/stm32h5xx_hal_rcc.c.obj
 .ARM.attributes
                0x0000010c       0x3a cmake/stm32cubemx/CMakeFiles/STM32_Drivers.dir/__/__/Drivers/STM32H5xx_HAL_Driver/Src/stm32h5xx_hal_rcc_ex.c.obj
 .ARM.attributes
                0x00000146       0x3a cmake/stm32cubemx/CMakeFiles/STM32_Drivers.dir/__/__/Drivers/STM32H5xx_HAL_Driver/Src/stm32h5xx_hal_gpio.c.obj
 .ARM.attributes
                0x00000180       0x3a cmake/stm32cubemx/CMakeFiles/STM32_Drivers.dir/__/__/Drivers/STM32H5xx_HAL_Driver/Src/stm32h5xx_hal_pwr_ex.c.obj
 .ARM.attributes
                0x000001ba       0x3a cmake/stm32cubemx/CMakeFiles/STM32_Drivers.dir/__/__/Drivers/STM32H5xx_HAL_Driver/Src/stm32h5xx_hal.c.obj
 .ARM.attributes
                0x000001f4       0x3a cmake/stm32cubemx/CMakeFiles/STM32_Drivers.dir/__/__/Drivers/STM32H5xx_HAL_Driver/Src/stm32h5xx_hal_exti.c.obj
 .ARM.attributes
                0x0000022e       0x3a cmake/stm32cubemx/CMakeFiles/STM32_Drivers.dir/__/__/Drivers/STM32H5xx_HAL_Driver/Src/stm32h5xx_hal_uart.c.obj
 .ARM.attributes
                0x00000268       0x3a cmake/stm32cubemx/CMakeFiles/STM32_Drivers.dir/__/__/Drivers/BSP/STM32H5xx_Nucleo/stm32h5xx_nucleo.c.obj
 .ARM.attributes
                0x000002a2       0x3a CMakeFiles/nucleo_h563zit.dir/Core/Src/main.c.obj
 .ARM.attributes
                0x000002dc       0x3a CMakeFiles/nucleo_h563zit.dir/Core/Src/stm32h5xx_it.c.obj
 .ARM.attributes
                0x00000316       0x3a CMakeFiles/nucleo_h563zit.dir/Core/Src/stm32h5xx_hal_msp.c.obj
 .ARM.attributes
                0x00000350       0x24 CMakeFiles/nucleo_h563zit.dir/startup_stm32h563xx.s.obj
 .ARM.attributes
                0x00000374       0x3a CMakeFiles/nucleo_h563zit.dir/Core/Src/uart.c.obj
 .ARM.attributes
                0x000003ae       0x26 C:/Program Files/Arm/GNU Toolchain mingw-w64-x86_64-arm-none-eabi/bin/../lib/gcc/arm-none-eabi/15.2.1/thumb/v8-m.main+fp/hard\libgcc.a(_aeabi_uldivmod.o)
 .ARM.attributes
                0x000003d4       0x38 C:/Program Files/Arm/GNU Toolchain mingw-w64-x86_64-arm-none-eabi/bin/../lib/gcc/arm-none-eabi/15.2.1/thumb/v8-m.main+fp/hard\libgcc.a(_udivmoddi4.o)
 .ARM.attributes
                0x0000040c       0x26 C:/Program Files/Arm/GNU Toolchain mingw-w64-x86_64-arm-none-eabi/bin/../lib/gcc/arm-none-eabi/15.2.1/thumb/v8-m.main+fp/hard\libgcc.a(_dvmd_tls.o)
 .ARM.attributes
                0x00000432       0x38 C:/Program Files/Arm/GNU Toolchain mingw-w64-x86_64-arm-none-eabi/bin/../lib/gcc/arm-none-eabi/15.2.1/../../../../arm-none-eabi/lib/thumb/v8-m.main+fp/hard\libg_nano.a(libc_a-memset.o)
 .ARM.attributes
                0x0000046a       0x38 C:/Program Files/Arm/GNU Toolchain mingw-w64-x86_64-arm-none-eabi/bin/../lib/gcc/arm-none-eabi/15.2.1/../../../../arm-none-eabi/lib/thumb/v8-m.main+fp/hard\libg_nano.a(libc_a-init.o)
 .ARM.attributes
                0x000004a2       0x38 C:/Program Files/Arm/GNU Toolchain mingw-w64-x86_64-arm-none-eabi/bin/../lib/gcc/arm-none-eabi/15.2.1/thumb/v8-m.main+fp/hard/crtend.o
 .ARM.attributes
                0x000004da       0x26 C:/Program Files/Arm/GNU Toolchain mingw-w64-x86_64-arm-none-eabi/bin/../lib/gcc/arm-none-eabi/15.2.1/thumb/v8-m.main+fp/hard/crtn.o
OUTPUT(nucleo_h563zit.elf elf32-littlearm)
LOAD linker stubs

.debug_info     0x00000000     0xe697
 .debug_info    0x00000000      0xd8e cmake/stm32cubemx/CMakeFiles/STM32_Drivers.dir/__/__/Core/Src/system_stm32h5xx.c.obj
 .debug_info    0x00000d8e     0x1657 cmake/stm32cubemx/CMakeFiles/STM32_Drivers.dir/__/__/Drivers/STM32H5xx_HAL_Driver/Src/stm32h5xx_hal_cortex.c.obj
 .debug_info    0x000023e5     0x109f cmake/stm32cubemx/CMakeFiles/STM32_Drivers.dir/__/__/Drivers/STM32H5xx_HAL_Driver/Src/stm32h5xx_hal_rcc.c.obj
 .debug_info    0x00003484     0x12d6 cmake/stm32cubemx/CMakeFiles/STM32_Drivers.dir/__/__/Drivers/STM32H5xx_HAL_Driver/Src/stm32h5xx_hal_rcc_ex.c.obj
 .debug_info    0x0000475a      0x6b6 cmake/stm32cubemx/CMakeFiles/STM32_Drivers.dir/__/__/Drivers/STM32H5xx_HAL_Driver/Src/stm32h5xx_hal_gpio.c.obj
 .debug_info    0x00004e10      0x928 cmake/stm32cubemx/CMakeFiles/STM32_Drivers.dir/__/__/Drivers/STM32H5xx_HAL_Driver/Src/stm32h5xx_hal_pwr_ex.c.obj
 .debug_info    0x00005738     0x139f cmake/stm32cubemx/CMakeFiles/STM32_Drivers.dir/__/__/Drivers/STM32H5xx_HAL_Driver/Src/stm32h5xx_hal.c.obj
 .debug_info    0x00006ad7      0x7ca cmake/stm32cubemx/CMakeFiles/STM32_Drivers.dir/__/__/Drivers/STM32H5xx_HAL_Driver/Src/stm32h5xx_hal_exti.c.obj
 .debug_info    0x000072a1     0x4066 cmake/stm32cubemx/CMakeFiles/STM32_Drivers.dir/__/__/Drivers/STM32H5xx_HAL_Driver/Src/stm32h5xx_hal_uart.c.obj
 .debug_info    0x0000b307     0x1bbf cmake/stm32cubemx/CMakeFiles/STM32_Drivers.dir/__/__/Drivers/BSP/STM32H5xx_Nucleo/stm32h5xx_nucleo.c.obj
 .debug_info    0x0000cec6     0x1044 CMakeFiles/nucleo_h563zit.dir/Core/Src/main.c.obj
 .debug_info    0x0000df0a      0x170 CMakeFiles/nucleo_h563zit.dir/Core/Src/stm32h5xx_it.c.obj
 .debug_info    0x0000e07a       0xa8 CMakeFiles/nucleo_h563zit.dir/Core/Src/stm32h5xx_hal_msp.c.obj
 .debug_info    0x0000e122       0x30 CMakeFiles/nucleo_h563zit.dir/startup_stm32h563xx.s.obj
 .debug_info    0x0000e152      0x545 CMakeFiles/nucleo_h563zit.dir/Core/Src/uart.c.obj

.debug_abbrev   0x00000000     0x1ca9
 .debug_abbrev  0x00000000      0x13a cmake/stm32cubemx/CMakeFiles/STM32_Drivers.dir/__/__/Core/Src/system_stm32h5xx.c.obj
 .debug_abbrev  0x0000013a      0x327 cmake/stm32cubemx/CMakeFiles/STM32_Drivers.dir/__/__/Drivers/STM32H5xx_HAL_Driver/Src/stm32h5xx_hal_cortex.c.obj
 .debug_abbrev  0x00000461      0x290 cmake/stm32cubemx/CMakeFiles/STM32_Drivers.dir/__/__/Drivers/STM32H5xx_HAL_Driver/Src/stm32h5xx_hal_rcc.c.obj
 .debug_abbrev  0x000006f1      0x269 cmake/stm32cubemx/CMakeFiles/STM32_Drivers.dir/__/__/Drivers/STM32H5xx_HAL_Driver/Src/stm32h5xx_hal_rcc_ex.c.obj
 .debug_abbrev  0x0000095a      0x1db cmake/stm32cubemx/CMakeFiles/STM32_Drivers.dir/__/__/Drivers/STM32H5xx_HAL_Driver/Src/stm32h5xx_hal_gpio.c.obj
 .debug_abbrev  0x00000b35      0x299 cmake/stm32cubemx/CMakeFiles/STM32_Drivers.dir/__/__/Drivers/STM32H5xx_HAL_Driver/Src/stm32h5xx_hal_pwr_ex.c.obj
 .debug_abbrev  0x00000dce      0x2af cmake/stm32cubemx/CMakeFiles/STM32_Drivers.dir/__/__/Drivers/STM32H5xx_HAL_Driver/Src/stm32h5xx_hal.c.obj
 .debug_abbrev  0x0000107d      0x198 cmake/stm32cubemx/CMakeFiles/STM32_Drivers.dir/__/__/Drivers/STM32H5xx_HAL_Driver/Src/stm32h5xx_hal_exti.c.obj
 .debug_abbrev  0x00001215      0x305 cmake/stm32cubemx/CMakeFiles/STM32_Drivers.dir/__/__/Drivers/STM32H5xx_HAL_Driver/Src/stm32h5xx_hal_uart.c.obj
 .debug_abbrev  0x0000151a      0x330 cmake/stm32cubemx/CMakeFiles/STM32_Drivers.dir/__/__/Drivers/BSP/STM32H5xx_Nucleo/stm32h5xx_nucleo.c.obj
 .debug_abbrev  0x0000184a      0x250 CMakeFiles/nucleo_h563zit.dir/Core/Src/main.c.obj
 .debug_abbrev  0x00001a9a       0xbc CMakeFiles/nucleo_h563zit.dir/Core/Src/stm32h5xx_it.c.obj
 .debug_abbrev  0x00001b56       0x58 CMakeFiles/nucleo_h563zit.dir/Core/Src/stm32h5xx_hal_msp.c.obj
 .debug_abbrev  0x00001bae       0x24 CMakeFiles/nucleo_h563zit.dir/startup_stm32h563xx.s.obj
 .debug_abbrev  0x00001bd2       0xd7 CMakeFiles/nucleo_h563zit.dir/Core/Src/uart.c.obj

.debug_aranges  0x00000000      0xb58
 .debug_aranges
                0x00000000       0x28 cmake/stm32cubemx/CMakeFiles/STM32_Drivers.dir/__/__/Core/Src/system_stm32h5xx.c.obj
 .debug_aranges
                0x00000028      0x140 cmake/stm32cubemx/CMakeFiles/STM32_Drivers.dir/__/__/Drivers/STM32H5xx_HAL_Driver/Src/stm32h5xx_hal_cortex.c.obj
 .debug_aranges
                0x00000168       0xa0 cmake/stm32cubemx/CMakeFiles/STM32_Drivers.dir/__/__/Drivers/STM32H5xx_HAL_Driver/Src/stm32h5xx_hal_rcc.c.obj
 .debug_aranges
                0x00000208      0x108 cmake/stm32cubemx/CMakeFiles/STM32_Drivers.dir/__/__/Drivers/STM32H5xx_HAL_Driver/Src/stm32h5xx_hal_rcc_ex.c.obj
 .debug_aranges
                0x00000310       0x78 cmake/stm32cubemx/CMakeFiles/STM32_Drivers.dir/__/__/Drivers/STM32H5xx_HAL_Driver/Src/stm32h5xx_hal_gpio.c.obj
 .debug_aranges
                0x00000388      0x148 cmake/stm32cubemx/CMakeFiles/STM32_Drivers.dir/__/__/Drivers/STM32H5xx_HAL_Driver/Src/stm32h5xx_hal_pwr_ex.c.obj
 .debug_aranges
                0x000004d0      0x200 cmake/stm32cubemx/CMakeFiles/STM32_Drivers.dir/__/__/Drivers/STM32H5xx_HAL_Driver/Src/stm32h5xx_hal.c.obj
 .debug_aranges
                0x000006d0       0x70 cmake/stm32cubemx/CMakeFiles/STM32_Drivers.dir/__/__/Drivers/STM32H5xx_HAL_Driver/Src/stm32h5xx_hal_exti.c.obj
 .debug_aranges
                0x00000740      0x248 cmake/stm32cubemx/CMakeFiles/STM32_Drivers.dir/__/__/Drivers/STM32H5xx_HAL_Driver/Src/stm32h5xx_hal_uart.c.obj
 .debug_aranges
                0x00000988       0xc8 cmake/stm32cubemx/CMakeFiles/STM32_Drivers.dir/__/__/Drivers/BSP/STM32H5xx_Nucleo/stm32h5xx_nucleo.c.obj
 .debug_aranges
                0x00000a50       0x38 CMakeFiles/nucleo_h563zit.dir/Core/Src/main.c.obj
 .debug_aranges
                0x00000a88       0x68 CMakeFiles/nucleo_h563zit.dir/Core/Src/stm32h5xx_it.c.obj
 .debug_aranges
                0x00000af0       0x20 CMakeFiles/nucleo_h563zit.dir/Core/Src/stm32h5xx_hal_msp.c.obj
 .debug_aranges
                0x00000b10       0x28 CMakeFiles/nucleo_h563zit.dir/startup_stm32h563xx.s.obj
 .debug_aranges
                0x00000b38       0x20 CMakeFiles/nucleo_h563zit.dir/Core/Src/uart.c.obj

.debug_rnglists
                0x00000000      0x8a8
 .debug_rnglists
                0x00000000       0x1b cmake/stm32cubemx/CMakeFiles/STM32_Drivers.dir/__/__/Core/Src/system_stm32h5xx.c.obj
 .debug_rnglists
                0x0000001b       0xec cmake/stm32cubemx/CMakeFiles/STM32_Drivers.dir/__/__/Drivers/STM32H5xx_HAL_Driver/Src/stm32h5xx_hal_cortex.c.obj
 .debug_rnglists
                0x00000107       0x79 cmake/stm32cubemx/CMakeFiles/STM32_Drivers.dir/__/__/Drivers/STM32H5xx_HAL_Driver/Src/stm32h5xx_hal_rcc.c.obj
 .debug_rnglists
                0x00000180       0xcf cmake/stm32cubemx/CMakeFiles/STM32_Drivers.dir/__/__/Drivers/STM32H5xx_HAL_Driver/Src/stm32h5xx_hal_rcc_ex.c.obj
 .debug_rnglists
                0x0000024f       0x57 cmake/stm32cubemx/CMakeFiles/STM32_Drivers.dir/__/__/Drivers/STM32H5xx_HAL_Driver/Src/stm32h5xx_hal_gpio.c.obj
 .debug_rnglists
                0x000002a6       0xf3 cmake/stm32cubemx/CMakeFiles/STM32_Drivers.dir/__/__/Drivers/STM32H5xx_HAL_Driver/Src/stm32h5xx_hal_pwr_ex.c.obj
 .debug_rnglists
                0x00000399      0x17d cmake/stm32cubemx/CMakeFiles/STM32_Drivers.dir/__/__/Drivers/STM32H5xx_HAL_Driver/Src/stm32h5xx_hal.c.obj
 .debug_rnglists
                0x00000516       0x53 cmake/stm32cubemx/CMakeFiles/STM32_Drivers.dir/__/__/Drivers/STM32H5xx_HAL_Driver/Src/stm32h5xx_hal_exti.c.obj
 .debug_rnglists
                0x00000569      0x1fb cmake/stm32cubemx/CMakeFiles/STM32_Drivers.dir/__/__/Drivers/STM32H5xx_HAL_Driver/Src/stm32h5xx_hal_uart.c.obj
 .debug_rnglists
                0x00000764       0x94 cmake/stm32cubemx/CMakeFiles/STM32_Drivers.dir/__/__/Drivers/BSP/STM32H5xx_Nucleo/stm32h5xx_nucleo.c.obj
 .debug_rnglists
                0x000007f8       0x27 CMakeFiles/nucleo_h563zit.dir/Core/Src/main.c.obj
 .debug_rnglists
                0x0000081f       0x49 CMakeFiles/nucleo_h563zit.dir/Core/Src/stm32h5xx_it.c.obj
 .debug_rnglists
                0x00000868       0x13 CMakeFiles/nucleo_h563zit.dir/Core/Src/stm32h5xx_hal_msp.c.obj
 .debug_rnglists
                0x0000087b       0x19 CMakeFiles/nucleo_h563zit.dir/startup_stm32h563xx.s.obj
 .debug_rnglists
                0x00000894       0x14 CMakeFiles/nucleo_h563zit.dir/Core/Src/uart.c.obj

.debug_macro    0x00000000    0x309c8
 .debug_macro   0x00000000      0x251 cmake/stm32cubemx/CMakeFiles/STM32_Drivers.dir/__/__/Core/Src/system_stm32h5xx.c.obj
 .debug_macro   0x00000251      0xaf6 cmake/stm32cubemx/CMakeFiles/STM32_Drivers.dir/__/__/Core/Src/system_stm32h5xx.c.obj
 .debug_macro   0x00000d47       0x22 cmake/stm32cubemx/CMakeFiles/STM32_Drivers.dir/__/__/Core/Src/system_stm32h5xx.c.obj
 .debug_macro   0x00000d69       0x75 cmake/stm32cubemx/CMakeFiles/STM32_Drivers.dir/__/__/Core/Src/system_stm32h5xx.c.obj
 .debug_macro   0x00000dde       0x2a cmake/stm32cubemx/CMakeFiles/STM32_Drivers.dir/__/__/Core/Src/system_stm32h5xx.c.obj
 .debug_macro   0x00000e08       0x94 cmake/stm32cubemx/CMakeFiles/STM32_Drivers.dir/__/__/Core/Src/system_stm32h5xx.c.obj
 .debug_macro   0x00000e9c       0x3c cmake/stm32cubemx/CMakeFiles/STM32_Drivers.dir/__/__/Core/Src/system_stm32h5xx.c.obj
 .debug_macro   0x00000ed8       0x34 cmake/stm32cubemx/CMakeFiles/STM32_Drivers.dir/__/__/Core/Src/system_stm32h5xx.c.obj
 .debug_macro   0x00000f0c      0x190 cmake/stm32cubemx/CMakeFiles/STM32_Drivers.dir/__/__/Core/Src/system_stm32h5xx.c.obj
 .debug_macro   0x0000109c       0x57 cmake/stm32cubemx/CMakeFiles/STM32_Drivers.dir/__/__/Core/Src/system_stm32h5xx.c.obj
 .debug_macro   0x000010f3      0x364 cmake/stm32cubemx/CMakeFiles/STM32_Drivers.dir/__/__/Core/Src/system_stm32h5xx.c.obj
 .debug_macro   0x00001457       0x16 cmake/stm32cubemx/CMakeFiles/STM32_Drivers.dir/__/__/Core/Src/system_stm32h5xx.c.obj
 .debug_macro   0x0000146d       0x4a cmake/stm32cubemx/CMakeFiles/STM32_Drivers.dir/__/__/Core/Src/system_stm32h5xx.c.obj
 .debug_macro   0x000014b7       0x34 cmake/stm32cubemx/CMakeFiles/STM32_Drivers.dir/__/__/Core/Src/system_stm32h5xx.c.obj
 .debug_macro   0x000014eb       0x10 cmake/stm32cubemx/CMakeFiles/STM32_Drivers.dir/__/__/Core/Src/system_stm32h5xx.c.obj
 .debug_macro   0x000014fb       0x58 cmake/stm32cubemx/CMakeFiles/STM32_Drivers.dir/__/__/Core/Src/system_stm32h5xx.c.obj
 .debug_macro   0x00001553      0x1e5 cmake/stm32cubemx/CMakeFiles/STM32_Drivers.dir/__/__/Core/Src/system_stm32h5xx.c.obj
 .debug_macro   0x00001738      0x19b cmake/stm32cubemx/CMakeFiles/STM32_Drivers.dir/__/__/Core/Src/system_stm32h5xx.c.obj
 .debug_macro   0x000018d3       0x28 cmake/stm32cubemx/CMakeFiles/STM32_Drivers.dir/__/__/Core/Src/system_stm32h5xx.c.obj
 .debug_macro   0x000018fb       0x49 cmake/stm32cubemx/CMakeFiles/STM32_Drivers.dir/__/__/Core/Src/system_stm32h5xx.c.obj
 .debug_macro   0x00001944      0x103 cmake/stm32cubemx/CMakeFiles/STM32_Drivers.dir/__/__/Core/Src/system_stm32h5xx.c.obj
 .debug_macro   0x00001a47       0x6a cmake/stm32cubemx/CMakeFiles/STM32_Drivers.dir/__/__/Core/Src/system_stm32h5xx.c.obj
 .debug_macro   0x00001ab1      0x1df cmake/stm32cubemx/CMakeFiles/STM32_Drivers.dir/__/__/Core/Src/system_stm32h5xx.c.obj
 .debug_macro   0x00001c90       0x1c cmake/stm32cubemx/CMakeFiles/STM32_Drivers.dir/__/__/Core/Src/system_stm32h5xx.c.obj
 .debug_macro   0x00001cac       0x29 cmake/stm32cubemx/CMakeFiles/STM32_Drivers.dir/__/__/Core/Src/system_stm32h5xx.c.obj
 .debug_macro   0x00001cd5       0xfb cmake/stm32cubemx/CMakeFiles/STM32_Drivers.dir/__/__/Core/Src/system_stm32h5xx.c.obj
 .debug_macro   0x00001dd0     0x1685 cmake/stm32cubemx/CMakeFiles/STM32_Drivers.dir/__/__/Core/Src/system_stm32h5xx.c.obj
 .debug_macro   0x00003455       0x5e cmake/stm32cubemx/CMakeFiles/STM32_Drivers.dir/__/__/Core/Src/system_stm32h5xx.c.obj
 .debug_macro   0x000034b3    0x2124a cmake/stm32cubemx/CMakeFiles/STM32_Drivers.dir/__/__/Core/Src/system_stm32h5xx.c.obj
 .debug_macro   0x000246fd       0x6d cmake/stm32cubemx/CMakeFiles/STM32_Drivers.dir/__/__/Core/Src/system_stm32h5xx.c.obj
 .debug_macro   0x0002476a      0x1e0 cmake/stm32cubemx/CMakeFiles/STM32_Drivers.dir/__/__/Core/Src/system_stm32h5xx.c.obj
 .debug_macro   0x0002494a     0x388a cmake/stm32cubemx/CMakeFiles/STM32_Drivers.dir/__/__/Core/Src/system_stm32h5xx.c.obj
 .debug_macro   0x000281d4       0x63 cmake/stm32cubemx/CMakeFiles/STM32_Drivers.dir/__/__/Core/Src/system_stm32h5xx.c.obj
 .debug_macro   0x00028237     0x1f0d cmake/stm32cubemx/CMakeFiles/STM32_Drivers.dir/__/__/Core/Src/system_stm32h5xx.c.obj
 .debug_macro   0x0002a144      0xe96 cmake/stm32cubemx/CMakeFiles/STM32_Drivers.dir/__/__/Core/Src/system_stm32h5xx.c.obj
 .debug_macro   0x0002afda      0x166 cmake/stm32cubemx/CMakeFiles/STM32_Drivers.dir/__/__/Core/Src/system_stm32h5xx.c.obj
 .debug_macro   0x0002b140      0x300 cmake/stm32cubemx/CMakeFiles/STM32_Drivers.dir/__/__/Core/Src/system_stm32h5xx.c.obj
 .debug_macro   0x0002b440      0x917 cmake/stm32cubemx/CMakeFiles/STM32_Drivers.dir/__/__/Core/Src/system_stm32h5xx.c.obj
 .debug_macro   0x0002bd57      0x478 cmake/stm32cubemx/CMakeFiles/STM32_Drivers.dir/__/__/Core/Src/system_stm32h5xx.c.obj
 .debug_macro   0x0002c1cf       0xd6 cmake/stm32cubemx/CMakeFiles/STM32_Drivers.dir/__/__/Core/Src/system_stm32h5xx.c.obj
 .debug_macro   0x0002c2a5      0x1cd cmake/stm32cubemx/CMakeFiles/STM32_Drivers.dir/__/__/Core/Src/system_stm32h5xx.c.obj
 .debug_macro   0x0002c472      0x55b cmake/stm32cubemx/CMakeFiles/STM32_Drivers.dir/__/__/Core/Src/system_stm32h5xx.c.obj
 .debug_macro   0x0002c9cd      0x638 cmake/stm32cubemx/CMakeFiles/STM32_Drivers.dir/__/__/Core/Src/system_stm32h5xx.c.obj
 .debug_macro   0x0002d005       0x7b cmake/stm32cubemx/CMakeFiles/STM32_Drivers.dir/__/__/Core/Src/system_stm32h5xx.c.obj
 .debug_macro   0x0002d080      0x313 cmake/stm32cubemx/CMakeFiles/STM32_Drivers.dir/__/__/Core/Src/system_stm32h5xx.c.obj
 .debug_macro   0x0002d393      0x1bb cmake/stm32cubemx/CMakeFiles/STM32_Drivers.dir/__/__/Core/Src/system_stm32h5xx.c.obj
 .debug_macro   0x0002d54e      0x693 cmake/stm32cubemx/CMakeFiles/STM32_Drivers.dir/__/__/Core/Src/system_stm32h5xx.c.obj
 .debug_macro   0x0002dbe1       0xa6 cmake/stm32cubemx/CMakeFiles/STM32_Drivers.dir/__/__/Core/Src/system_stm32h5xx.c.obj
 .debug_macro   0x0002dc87      0x2a7 cmake/stm32cubemx/CMakeFiles/STM32_Drivers.dir/__/__/Core/Src/system_stm32h5xx.c.obj
 .debug_macro   0x0002df2e      0x4ee cmake/stm32cubemx/CMakeFiles/STM32_Drivers.dir/__/__/Core/Src/system_stm32h5xx.c.obj
 .debug_macro   0x0002e41c      0x24a cmake/stm32cubemx/CMakeFiles/STM32_Drivers.dir/__/__/Drivers/STM32H5xx_HAL_Driver/Src/stm32h5xx_hal_cortex.c.obj
 .debug_macro   0x0002e666      0x28c cmake/stm32cubemx/CMakeFiles/STM32_Drivers.dir/__/__/Drivers/STM32H5xx_HAL_Driver/Src/stm32h5xx_hal_rcc.c.obj
 .debug_macro   0x0002e8f2      0x25c cmake/stm32cubemx/CMakeFiles/STM32_Drivers.dir/__/__/Drivers/STM32H5xx_HAL_Driver/Src/stm32h5xx_hal_rcc_ex.c.obj
 .debug_macro   0x0002eb4e      0x280 cmake/stm32cubemx/CMakeFiles/STM32_Drivers.dir/__/__/Drivers/STM32H5xx_HAL_Driver/Src/stm32h5xx_hal_gpio.c.obj
 .debug_macro   0x0002edce      0x274 cmake/stm32cubemx/CMakeFiles/STM32_Drivers.dir/__/__/Drivers/STM32H5xx_HAL_Driver/Src/stm32h5xx_hal_pwr_ex.c.obj
 .debug_macro   0x0002f042      0x280 cmake/stm32cubemx/CMakeFiles/STM32_Drivers.dir/__/__/Drivers/STM32H5xx_HAL_Driver/Src/stm32h5xx_hal.c.obj
 .debug_macro   0x0002f2c2      0x262 cmake/stm32cubemx/CMakeFiles/STM32_Drivers.dir/__/__/Drivers/STM32H5xx_HAL_Driver/Src/stm32h5xx_hal_exti.c.obj
 .debug_macro   0x0002f524      0x275 cmake/stm32cubemx/CMakeFiles/STM32_Drivers.dir/__/__/Drivers/STM32H5xx_HAL_Driver/Src/stm32h5xx_hal_uart.c.obj
 .debug_macro   0x0002f799      0x2ab cmake/stm32cubemx/CMakeFiles/STM32_Drivers.dir/__/__/Drivers/BSP/STM32H5xx_Nucleo/stm32h5xx_nucleo.c.obj
 .debug_macro   0x0002fa44       0x1c cmake/stm32cubemx/CMakeFiles/STM32_Drivers.dir/__/__/Drivers/BSP/STM32H5xx_Nucleo/stm32h5xx_nucleo.c.obj
 .debug_macro   0x0002fa60       0x52 cmake/stm32cubemx/CMakeFiles/STM32_Drivers.dir/__/__/Drivers/BSP/STM32H5xx_Nucleo/stm32h5xx_nucleo.c.obj
 .debug_macro   0x0002fab2       0x1c cmake/stm32cubemx/CMakeFiles/STM32_Drivers.dir/__/__/Drivers/BSP/STM32H5xx_Nucleo/stm32h5xx_nucleo.c.obj
 .debug_macro   0x0002face       0x3c cmake/stm32cubemx/CMakeFiles/STM32_Drivers.dir/__/__/Drivers/BSP/STM32H5xx_Nucleo/stm32h5xx_nucleo.c.obj
 .debug_macro   0x0002fb0a       0x10 cmake/stm32cubemx/CMakeFiles/STM32_Drivers.dir/__/__/Drivers/BSP/STM32H5xx_Nucleo/stm32h5xx_nucleo.c.obj
 .debug_macro   0x0002fb1a       0x1c cmake/stm32cubemx/CMakeFiles/STM32_Drivers.dir/__/__/Drivers/BSP/STM32H5xx_Nucleo/stm32h5xx_nucleo.c.obj
 .debug_macro   0x0002fb36       0x16 cmake/stm32cubemx/CMakeFiles/STM32_Drivers.dir/__/__/Drivers/BSP/STM32H5xx_Nucleo/stm32h5xx_nucleo.c.obj
 .debug_macro   0x0002fb4c      0x170 cmake/stm32cubemx/CMakeFiles/STM32_Drivers.dir/__/__/Drivers/BSP/STM32H5xx_Nucleo/stm32h5xx_nucleo.c.obj
 .debug_macro   0x0002fcbc      0x130 cmake/stm32cubemx/CMakeFiles/STM32_Drivers.dir/__/__/Drivers/BSP/STM32H5xx_Nucleo/stm32h5xx_nucleo.c.obj
 .debug_macro   0x0002fdec      0x2b2 CMakeFiles/nucleo_h563zit.dir/Core/Src/main.c.obj
 .debug_macro   0x0003009e       0x22 CMakeFiles/nucleo_h563zit.dir/Core/Src/main.c.obj
 .debug_macro   0x000300c0      0x154 CMakeFiles/nucleo_h563zit.dir/Core/Src/main.c.obj
 .debug_macro   0x00030214      0x2b8 CMakeFiles/nucleo_h563zit.dir/Core/Src/stm32h5xx_it.c.obj
 .debug_macro   0x000304cc      0x2ae CMakeFiles/nucleo_h563zit.dir/Core/Src/stm32h5xx_hal_msp.c.obj
 .debug_macro   0x0003077a      0x24e CMakeFiles/nucleo_h563zit.dir/Core/Src/uart.c.obj

.debug_line     0x00000000     0xe558
 .debug_line    0x00000000      0x866 cmake/stm32cubemx/CMakeFiles/STM32_Drivers.dir/__/__/Core/Src/system_stm32h5xx.c.obj
 .debug_line    0x00000866      0xd4f cmake/stm32cubemx/CMakeFiles/STM32_Drivers.dir/__/__/Drivers/STM32H5xx_HAL_Driver/Src/stm32h5xx_hal_cortex.c.obj
 .debug_line    0x000015b5     0x127b cmake/stm32cubemx/CMakeFiles/STM32_Drivers.dir/__/__/Drivers/STM32H5xx_HAL_Driver/Src/stm32h5xx_hal_rcc.c.obj
 .debug_line    0x00002830     0x2d16 cmake/stm32cubemx/CMakeFiles/STM32_Drivers.dir/__/__/Drivers/STM32H5xx_HAL_Driver/Src/stm32h5xx_hal_rcc_ex.c.obj
 .debug_line    0x00005546      0xaf1 cmake/stm32cubemx/CMakeFiles/STM32_Drivers.dir/__/__/Drivers/STM32H5xx_HAL_Driver/Src/stm32h5xx_hal_gpio.c.obj
 .debug_line    0x00006037      0xc12 cmake/stm32cubemx/CMakeFiles/STM32_Drivers.dir/__/__/Drivers/STM32H5xx_HAL_Driver/Src/stm32h5xx_hal_pwr_ex.c.obj
 .debug_line    0x00006c49      0xe08 cmake/stm32cubemx/CMakeFiles/STM32_Drivers.dir/__/__/Drivers/STM32H5xx_HAL_Driver/Src/stm32h5xx_hal.c.obj
 .debug_line    0x00007a51      0xb2c cmake/stm32cubemx/CMakeFiles/STM32_Drivers.dir/__/__/Drivers/STM32H5xx_HAL_Driver/Src/stm32h5xx_hal_exti.c.obj
 .debug_line    0x0000857d     0x33fd cmake/stm32cubemx/CMakeFiles/STM32_Drivers.dir/__/__/Drivers/STM32H5xx_HAL_Driver/Src/stm32h5xx_hal_uart.c.obj
 .debug_line    0x0000b97a      0xb28 cmake/stm32cubemx/CMakeFiles/STM32_Drivers.dir/__/__/Drivers/BSP/STM32H5xx_Nucleo/stm32h5xx_nucleo.c.obj
 .debug_line    0x0000c4a2      0x8fc CMakeFiles/nucleo_h563zit.dir/Core/Src/main.c.obj
 .debug_line    0x0000cd9e      0x86f CMakeFiles/nucleo_h563zit.dir/Core/Src/stm32h5xx_it.c.obj
 .debug_line    0x0000d60d      0x7a9 CMakeFiles/nucleo_h563zit.dir/Core/Src/stm32h5xx_hal_msp.c.obj
 .debug_line    0x0000ddb6       0x7b CMakeFiles/nucleo_h563zit.dir/startup_stm32h563xx.s.obj
 .debug_line    0x0000de31      0x727 CMakeFiles/nucleo_h563zit.dir/Core/Src/uart.c.obj

.debug_str      0x00000000   0x131de6
 .debug_str     0x00000000   0x131de6 cmake/stm32cubemx/CMakeFiles/STM32_Drivers.dir/__/__/Core/Src/system_stm32h5xx.c.obj
                             0x12c239 (size before relaxing)
 .debug_str     0x00131de6        0x0 cmake/stm32cubemx/CMakeFiles/STM32_Drivers.dir/__/__/Drivers/STM32H5xx_HAL_Driver/Src/stm32h5xx_hal_cortex.c.obj
                             0x12cc14 (size before relaxing)
 .debug_str     0x00131de6        0x0 cmake/stm32cubemx/CMakeFiles/STM32_Drivers.dir/__/__/Drivers/STM32H5xx_HAL_Driver/Src/stm32h5xx_hal_rcc.c.obj
                             0x12c77e (size before relaxing)
 .debug_str     0x00131de6        0x0 cmake/stm32cubemx/CMakeFiles/STM32_Drivers.dir/__/__/Drivers/STM32H5xx_HAL_Driver/Src/stm32h5xx_hal_rcc_ex.c.obj
                             0x12cac8 (size before relaxing)
 .debug_str     0x00131de6        0x0 cmake/stm32cubemx/CMakeFiles/STM32_Drivers.dir/__/__/Drivers/STM32H5xx_HAL_Driver/Src/stm32h5xx_hal_gpio.c.obj
                             0x12bf9e (size before relaxing)
 .debug_str     0x00131de6        0x0 cmake/stm32cubemx/CMakeFiles/STM32_Drivers.dir/__/__/Drivers/STM32H5xx_HAL_Driver/Src/stm32h5xx_hal_pwr_ex.c.obj
                             0x12c383 (size before relaxing)
 .debug_str     0x00131de6        0x0 cmake/stm32cubemx/CMakeFiles/STM32_Drivers.dir/__/__/Drivers/STM32H5xx_HAL_Driver/Src/stm32h5xx_hal.c.obj
                             0x12d085 (size before relaxing)
 .debug_str     0x00131de6        0x0 cmake/stm32cubemx/CMakeFiles/STM32_Drivers.dir/__/__/Drivers/STM32H5xx_HAL_Driver/Src/stm32h5xx_hal_exti.c.obj
                             0x12bf6b (size before relaxing)
 .debug_str     0x00131de6        0x0 cmake/stm32cubemx/CMakeFiles/STM32_Drivers.dir/__/__/Drivers/STM32H5xx_HAL_Driver/Src/stm32h5xx_hal_uart.c.obj
                             0x12cc7f (size before relaxing)
 .debug_str     0x00131de6        0x0 cmake/stm32cubemx/CMakeFiles/STM32_Drivers.dir/__/__/Drivers/BSP/STM32H5xx_Nucleo/stm32h5xx_nucleo.c.obj
                             0x12e149 (size before relaxing)
 .debug_str     0x00131de6        0x0 CMakeFiles/nucleo_h563zit.dir/Core/Src/main.c.obj
                             0x12daf1 (size before relaxing)
 .debug_str     0x00131de6        0x0 CMakeFiles/nucleo_h563zit.dir/Core/Src/stm32h5xx_it.c.obj
                             0x12d17c (size before relaxing)
 .debug_str     0x00131de6        0x0 CMakeFiles/nucleo_h563zit.dir/Core/Src/stm32h5xx_hal_msp.c.obj
                             0x12d0b6 (size before relaxing)
 .debug_str     0x00131de6        0x0 CMakeFiles/nucleo_h563zit.dir/startup_stm32h563xx.s.obj
                                 0xa8 (size before relaxing)
 .debug_str     0x00131de6        0x0 CMakeFiles/nucleo_h563zit.dir/Core/Src/uart.c.obj
                             0x12be2f (size before relaxing)

.comment        0x00000000       0x45
 .comment       0x00000000       0x45 cmake/stm32cubemx/CMakeFiles/STM32_Drivers.dir/__/__/Core/Src/system_stm32h5xx.c.obj
                                 0x46 (size before relaxing)
 .comment       0x00000045        0x0 cmake/stm32cubemx/CMakeFiles/STM32_Drivers.dir/__/__/Drivers/STM32H5xx_HAL_Driver/Src/stm32h5xx_hal_cortex.c.obj
                                 0x46 (size before relaxing)
 .comment       0x00000045        0x0 cmake/stm32cubemx/CMakeFiles/STM32_Drivers.dir/__/__/Drivers/STM32H5xx_HAL_Driver/Src/stm32h5xx_hal_rcc.c.obj
                                 0x46 (size before relaxing)
 .comment       0x00000045        0x0 cmake/stm32cubemx/CMakeFiles/STM32_Drivers.dir/__/__/Drivers/STM32H5xx_HAL_Driver/Src/stm32h5xx_hal_rcc_ex.c.obj
                                 0x46 (size before relaxing)
 .comment       0x00000045        0x0 cmake/stm32cubemx/CMakeFiles/STM32_Drivers.dir/__/__/Drivers/STM32H5xx_HAL_Driver/Src/stm32h5xx_hal_gpio.c.obj
                                 0x46 (size before relaxing)
 .comment       0x00000045        0x0 cmake/stm32cubemx/CMakeFiles/STM32_Drivers.dir/__/__/Drivers/STM32H5xx_HAL_Driver/Src/stm32h5xx_hal_pwr_ex.c.obj
                                 0x46 (size before relaxing)
 .comment       0x00000045        0x0 cmake/stm32cubemx/CMakeFiles/STM32_Drivers.dir/__/__/Drivers/STM32H5xx_HAL_Driver/Src/stm32h5xx_hal.c.obj
                                 0x46 (size before relaxing)
 .comment       0x00000045        0x0 cmake/stm32cubemx/CMakeFiles/STM32_Drivers.dir/__/__/Drivers/STM32H5xx_HAL_Driver/Src/stm32h5xx_hal_exti.c.obj
                                 0x46 (size before relaxing)
 .comment       0x00000045        0x0 cmake/stm32cubemx/CMakeFiles/STM32_Drivers.dir/__/__/Drivers/STM32H5xx_HAL_Driver/Src/stm32h5xx_hal_uart.c.obj
                                 0x46 (size before relaxing)
 .comment       0x00000045        0x0 cmake/stm32cubemx/CMakeFiles/STM32_Drivers.dir/__/__/Drivers/BSP/STM32H5xx_Nucleo/stm32h5xx_nucleo.c.obj
                                 0x46 (size before relaxing)
 .comment       0x00000045        0x0 CMakeFiles/nucleo_h563zit.dir/Core/Src/main.c.obj
                                 0x46 (size before relaxing)
 .comment       0x00000045        0x0 CMakeFiles/nucleo_h563zit.dir/Core/Src/stm32h5xx_it.c.obj
                                 0x46 (size before relaxing)
 .comment       0x00000045        0x0 CMakeFiles/nucleo_h563zit.dir/Core/Src/stm32h5xx_hal_msp.c.obj
                                 0x46 (size before relaxing)
 .comment       0x00000045        0x0 CMakeFiles/nucleo_h563zit.dir/Core/Src/uart.c.obj
                                 0x46 (size before relaxing)

.debug_frame    0x00000000     0x2de0
 .debug_frame   0x00000000       0x60 cmake/stm32cubemx/CMakeFiles/STM32_Drivers.dir/__/__/Core/Src/system_stm32h5xx.c.obj
 .debug_frame   0x00000060      0x560 cmake/stm32cubemx/CMakeFiles/STM32_Drivers.dir/__/__/Drivers/STM32H5xx_HAL_Driver/Src/stm32h5xx_hal_cortex.c.obj
 .debug_frame   0x000005c0      0x268 cmake/stm32cubemx/CMakeFiles/STM32_Drivers.dir/__/__/Drivers/STM32H5xx_HAL_Driver/Src/stm32h5xx_hal_rcc.c.obj
 .debug_frame   0x00000828      0x470 cmake/stm32cubemx/CMakeFiles/STM32_Drivers.dir/__/__/Drivers/STM32H5xx_HAL_Driver/Src/stm32h5xx_hal_rcc_ex.c.obj
 .debug_frame   0x00000c98      0x1ec cmake/stm32cubemx/CMakeFiles/STM32_Drivers.dir/__/__/Drivers/STM32H5xx_HAL_Driver/Src/stm32h5xx_hal_gpio.c.obj
 .debug_frame   0x00000e84      0x50c cmake/stm32cubemx/CMakeFiles/STM32_Drivers.dir/__/__/Drivers/STM32H5xx_HAL_Driver/Src/stm32h5xx_hal_pwr_ex.c.obj
 .debug_frame   0x00001390      0x828 cmake/stm32cubemx/CMakeFiles/STM32_Drivers.dir/__/__/Drivers/STM32H5xx_HAL_Driver/Src/stm32h5xx_hal.c.obj
 .debug_frame   0x00001bb8      0x1c4 cmake/stm32cubemx/CMakeFiles/STM32_Drivers.dir/__/__/Drivers/STM32H5xx_HAL_Driver/Src/stm32h5xx_hal_exti.c.obj
 .debug_frame   0x00001d7c      0xa84 cmake/stm32cubemx/CMakeFiles/STM32_Drivers.dir/__/__/Drivers/STM32H5xx_HAL_Driver/Src/stm32h5xx_hal_uart.c.obj
 .debug_frame   0x00002800      0x31c cmake/stm32cubemx/CMakeFiles/STM32_Drivers.dir/__/__/Drivers/BSP/STM32H5xx_Nucleo/stm32h5xx_nucleo.c.obj
 .debug_frame   0x00002b1c       0x8c CMakeFiles/nucleo_h563zit.dir/Core/Src/main.c.obj
 .debug_frame   0x00002ba8      0x120 CMakeFiles/nucleo_h563zit.dir/Core/Src/stm32h5xx_it.c.obj
 .debug_frame   0x00002cc8       0x2c CMakeFiles/nucleo_h563zit.dir/Core/Src/stm32h5xx_hal_msp.c.obj
 .debug_frame   0x00002cf4       0x30 CMakeFiles/nucleo_h563zit.dir/Core/Src/uart.c.obj
 .debug_frame   0x00002d24       0x2c C:/Program Files/Arm/GNU Toolchain mingw-w64-x86_64-arm-none-eabi/bin/../lib/gcc/arm-none-eabi/15.2.1/thumb/v8-m.main+fp/hard\libgcc.a(_aeabi_uldivmod.o)
 .debug_frame   0x00002d50       0x44 C:/Program Files/Arm/GNU Toolchain mingw-w64-x86_64-arm-none-eabi/bin/../lib/gcc/arm-none-eabi/15.2.1/thumb/v8-m.main+fp/hard\libgcc.a(_udivmoddi4.o)
 .debug_frame   0x00002d94       0x20 C:/Program Files/Arm/GNU Toolchain mingw-w64-x86_64-arm-none-eabi/bin/../lib/gcc/arm-none-eabi/15.2.1/../../../../arm-none-eabi/lib/thumb/v8-m.main+fp/hard\libg_nano.a(libc_a-memset.o)
 .debug_frame   0x00002db4       0x2c C:/Program Files/Arm/GNU Toolchain mingw-w64-x86_64-arm-none-eabi/bin/../lib/gcc/arm-none-eabi/15.2.1/../../../../arm-none-eabi/lib/thumb/v8-m.main+fp/hard\libg_nano.a(libc_a-init.o)

.debug_line_str
                0x00000000      0x169
 .debug_line_str
                0x00000000      0x169 CMakeFiles/nucleo_h563zit.dir/startup_stm32h563xx.s.obj
                                 0x8c (size before relaxing)
 .debug_line_str
                0x00000169        0x0 C:/Program Files/Arm/GNU Toolchain mingw-w64-x86_64-arm-none-eabi/bin/../lib/gcc/arm-none-eabi/15.2.1/thumb/v8-m.main+fp/hard\libgcc.a(_aeabi_uldivmod.o)
                                 0xd1 (size before relaxing)
 .debug_line_str
                0x00000169        0x0 C:/Program Files/Arm/GNU Toolchain mingw-w64-x86_64-arm-none-eabi/bin/../lib/gcc/arm-none-eabi/15.2.1/thumb/v8-m.main+fp/hard\libgcc.a(_dvmd_tls.o)
                                 0xd5 (size before relaxing)
